Archive member included to satisfy reference by file (symbol)

../../lib/libcircle.a(actled.o)
                              kernel.o (CActLED::CActLED(bool))
../../lib/libcircle.a(devicenameservice.o)
                              kernel.o (CDeviceNameService::CDeviceNameService())
../../lib/libcircle.a(gpiopin.o)
                              ../../lib/libcircle.a(actled.o) (CGPIOPin::Write(unsigned int))
../../lib/libcircle.a(koptions.o)
                              kernel.o (CKernelOptions::~CKernelOptions())
../../lib/libcircle.a(logger.o)
                              kernel.o (CLogger::CLogger(unsigned int, CTimer*, bool))
../../lib/libcircle.a(machineinfo.o)
                              ../../lib/libcircle.a(logger.o) (CMachineInfo::GetMachineName() const)
../../lib/libcircle.a(screen.o)
                              kernel.o (CScreenDevice::~CScreenDevice())
../../lib/libcircle.a(serial.o)
                              kernel.o (CSerialDevice::Read(void*, unsigned int))
../../lib/libcircle.a(string.o)
                              ../../lib/libcircle.a(devicenameservice.o) (CString::~CString())
../../lib/libcircle.a(sysinit.o)
                              ../../lib/libcircle.a(logger.o) (set_qemu_exit_status)
../../lib/libcircle.a(timer.o)
                              kernel.o (CTimer::CTimer(CInterruptSystem*))
../../lib/libcircle.a(util.o)
                              ../../lib/libcircle.a(devicenameservice.o) (strlen)
../../lib/libcircle.a(util_fast.o)
                              ../../lib/libcircle.a(sysinit.o) (memset)
../../lib/libcircle.a(virtualgpiopin.o)
                              ../../lib/libcircle.a(actled.o) (CVirtualGPIOPin::Write(unsigned int))
../../lib/libcircle.a(chainboot.o)
                              ../../lib/libcircle.a(sysinit.o) (IsChainBootEnabled)
../../lib/libcircle.a(new.o)  ../../lib/libcircle.a(actled.o) (operator new(unsigned int))
../../lib/libcircle.a(heapallocator.o)
                              ../../lib/libcircle.a(new.o) (CHeapAllocator::Allocate(unsigned int))
../../lib/libcircle.a(cache-v7.o)
                              ../../lib/libcircle.a(sysinit.o) (InvalidateDataCacheL1Only)
../../lib/libcircle.a(exceptionhandler.o)
                              kernel.o (CExceptionHandler::CExceptionHandler())
../../lib/libcircle.a(exceptionstub.o)
                              ../../lib/libcircle.a(exceptionhandler.o) (PrefetchAbortStub)
../../lib/libcircle.a(memory.o)
                              ../../lib/libcircle.a(sysinit.o) (CMemorySystem::Destructor())
../../lib/libcircle.a(pagetable.o)
                              ../../lib/libcircle.a(memory.o) (CPageTable::CPageTable(unsigned int))
../../lib/libcircle.a(startup.o)
                              (_start)
../../lib/libcircle.a(synchronize.o)
                              ../../lib/libcircle.a(devicenameservice.o) (EnterCritical)
../../lib/libcircle.a(interrupt.o)
                              kernel.o (CInterruptSystem::CInterruptSystem())
../../lib/libcircle.a(assert.o)
                              ../../lib/libcircle.a(devicenameservice.o) (assertion_failed)
../../lib/libcircle.a(bcmframebuffer.o)
                              ../../lib/libcircle.a(screen.o) (CBcmFrameBuffer::CBcmFrameBuffer(unsigned int, unsigned int, unsigned int, unsigned int, unsigned int, unsigned int, bool))
../../lib/libcircle.a(bcmpropertytags.o)
                              ../../lib/libcircle.a(koptions.o) (CBcmPropertyTags::CBcmPropertyTags(bool))
../../lib/libcircle.a(chargenerator.o)
                              ../../lib/libcircle.a(screen.o) (CCharGenerator::CCharGenerator())
../../lib/libcircle.a(debug.o)
                              ../../lib/libcircle.a(exceptionhandler.o) (debug_stacktrace(unsigned int const*, char const*))
../../lib/libcircle.a(delayloop.o)
                              ../../lib/libcircle.a(timer.o) (DelayLoop)
../../lib/libcircle.a(device.o)
                              ../../lib/libcircle.a(screen.o) (CDevice::Read(void*, unsigned int))
../../lib/libcircle.a(dmachannel.o)
                              ../../lib/libcircle.a(screen.o) (CDMAChannel::CDMAChannel(unsigned int, CInterruptSystem*))
../../lib/libcircle.a(gpiomanager.o)
                              ../../lib/libcircle.a(gpiopin.o) (CGPIOManager::ConnectInterrupt(CGPIOPin*))
../../lib/libcircle.a(ptrlist.o)
                              ../../lib/libcircle.a(timer.o) (CPtrList::CPtrList())
../../lib/libcircle.a(pageallocator.o)
                              ../../lib/libcircle.a(memory.o) (CPageAllocator::CPageAllocator())
../../lib/libcircle.a(bcmmailbox.o)
                              ../../lib/libcircle.a(bcmpropertytags.o) (CBcmMailBox::CBcmMailBox(unsigned int, bool))
/usr/lib/gcc/arm-none-eabi/10.3.1/thumb/v7ve+simd/hard/libgcc.a(_aeabi_ldivmod.o)
                              ../../lib/libcircle.a(string.o) (__aeabi_ldivmod)
/usr/lib/gcc/arm-none-eabi/10.3.1/thumb/v7ve+simd/hard/libgcc.a(_aeabi_uldivmod.o)
[...]
Memory Configuration

Name             Origin             Length             Attributes
*default*        0x0000000000000000 0xffffffffffffffff

Linker script and memory map

Address of section .init set to 0x8000

.init           0x0000000000008000       0x70
 *(.init)
 .init          0x0000000000008000       0x70 ../../lib/libcircle.a(startup.o)
                0x0000000000008000                _start
                0x0000000000008064                _start_secondary

.text           0x0000000000008070     0xc8b4
 *(.text*)
 .text          0x0000000000008070        0x0 main.o
 .text.startup  0x0000000000008070       0x3c main.o
                0x0000000000008070                main
 .text          0x00000000000080ac      0x3b8 kernel.o
                0x00000000000080ac                CKernel::CKernel()
                0x00000000000080ac                CKernel::CKernel()
                0x000000000000818c                CKernel::Initialize()
                0x0000000000008248                clearBuffer(void*, unsigned int)
                0x0000000000008268                my_strlen(char const*)
                0x0000000000008298                CKernel::~CKernel()
                0x0000000000008298                CKernel::~CKernel()
                0x0000000000008304                CKernel::Run()
 .text          0x0000000000008464      0x1f8 ../../lib/libcircle.a(actled.o)
                0x0000000000008464                CActLED::CActLED(bool)
                0x0000000000008464                CActLED::CActLED(bool)
                0x000000000000853c                CActLED::~CActLED()
                0x000000000000853c                CActLED::~CActLED()
                0x0000000000008550                CActLED::On()
                0x000000000000857c                CActLED::Off()
                0x00000000000085b0                CActLED::Blink(unsigned int, unsigned int, unsigned int)
                0x000000000000864c                CActLED::Get()
 .text          0x000000000000865c      0x5dc ../../lib/libcircle.a(devicenameservice.o)
                0x000000000000865c                CDeviceNameService::CDeviceNameService()
                0x000000000000865c                CDeviceNameService::CDeviceNameService()
                0x00000000000086a0                CDeviceNameService::~CDeviceNameService()
                0x00000000000086a0                CDeviceNameService::~CDeviceNameService()
                0x00000000000086fc                CDeviceNameService::AddDevice(char const*, CDevice*, bool)
                0x00000000000087b0                CDeviceNameService::RemoveDevice(char const*, bool)
                0x00000000000088c4                CDeviceNameService::GetDevice(char const*, bool)
                0x00000000000089c4                CDeviceNameService::Get()
                0x00000000000089f4                CDeviceNameService::AddDevice(char const*, unsigned int, CDevice*, bool)
                0x0000000000008a5c                CDeviceNameService::RemoveDevice(char const*, unsigned int, bool)
                0x0000000000008abc                CDeviceNameService::GetDevice(char const*, unsigned int, bool)
                0x0000000000008b24                CDeviceNameService::ListDevices(CDevice*)
 .text          0x0000000000008c38      0xc54 ../../lib/libcircle.a(gpiopin.o)
                0x0000000000008c38                CGPIOPin::~CGPIOPin()
                0x0000000000008c38                CGPIOPin::~CGPIOPin()
                0x0000000000008c3c                CGPIOPin::~CGPIOPin()
                0x0000000000008c54                CGPIOPin::CGPIOPin()
                0x0000000000008c54                CGPIOPin::CGPIOPin()
                0x0000000000008c8c                CGPIOPin::AssignPin(unsigned int)
                0x0000000000008d10                CGPIOPin::Write(unsigned int)
                0x0000000000008d94                CGPIOPin::Read() const
                0x0000000000008e00                CGPIOPin::Invert()
                0x0000000000008e8c                CGPIOPin::ConnectInterrupt(void (*)(void*), void*, bool)
                0x0000000000008f5c                CGPIOPin::DisconnectInterrupt()
                0x000000000000900c                CGPIOPin::EnableInterrupt(TGPIOInterrupt)
                0x0000000000009104                CGPIOPin::DisableInterrupt()
                0x00000000000091b4                CGPIOPin::EnableInterrupt2(TGPIOInterrupt)
                0x00000000000092ac                CGPIOPin::DisableInterrupt2()
                0x000000000000935c                CGPIOPin::AcknowledgeInterrupt()
                0x00000000000093b4                CGPIOPin::WriteAll(unsigned int, unsigned int)
                0x00000000000093d8                CGPIOPin::ReadAll()
                0x00000000000093e8                CGPIOPin::SetPullMode(TGPIOPullMode)
                0x0000000000009480                CGPIOPin::SetAlternateFunction(unsigned int)
                0x0000000000009540                CGPIOPin::SetMode(TGPIOMode, bool)
                0x00000000000096e0                CGPIOPin::CGPIOPin(unsigned int, TGPIOMode, CGPIOManager*)
                0x00000000000096e0                CGPIOPin::CGPIOPin(unsigned int, TGPIOMode, CGPIOManager*)
                0x0000000000009784                CGPIOPin::InterruptHandler()
                0x0000000000009800                CGPIOPin::DisableAllInterrupts(unsigned int)
 .text.startup  0x000000000000988c       0x14 ../../lib/libcircle.a(gpiopin.o)
 .text          0x00000000000098a0      0x70c ../../lib/libcircle.a(koptions.o)
                0x00000000000098a0                CKernelOptions::~CKernelOptions()
                0x00000000000098a0                CKernelOptions::~CKernelOptions()
                0x00000000000098b4                CKernelOptions::GetWidth() const
                0x00000000000098bc                CKernelOptions::GetHeight() const
                0x00000000000098c4                CKernelOptions::GetLogDevice() const
                0x00000000000098d0                CKernelOptions::GetLogLevel() const
                0x00000000000098d8                CKernelOptions::GetKeyMap() const
                0x00000000000098e0                CKernelOptions::GetUSBPowerDelay() const
                0x00000000000098e8                CKernelOptions::GetUSBFullSpeed() const
                0x00000000000098f0                CKernelOptions::GetUSBBoost() const
                0x00000000000098f8                CKernelOptions::GetUSBIgnore() const
                0x0000000000009904                CKernelOptions::GetSoundDevice() const
                0x0000000000009910                CKernelOptions::GetSoundOption() const
                0x0000000000009918                CKernelOptions::GetCPUSpeed() const
                0x0000000000009920                CKernelOptions::GetSoCMaxTemp() const
                0x0000000000009928                CKernelOptions::GetGPIOFanPin() const
                0x0000000000009930                CKernelOptions::GetTouchScreen() const
                0x0000000000009948                CKernelOptions::Get()
                0x0000000000009958                CKernelOptions::GetToken()
                0x00000000000099d8                CKernelOptions::GetOptionValue(char*)
                0x0000000000009a10                CKernelOptions::GetDecimal(char*)
                0x0000000000009a8c                CKernelOptions::GetDecimals(char*, unsigned int*, unsigned int)
                0x0000000000009b60                CKernelOptions::CKernelOptions()
                0x0000000000009b60                CKernelOptions::CKernelOptions()
 .text          0x0000000000009fac      0x8dc ../../lib/libcircle.a(logger.o)
                0x0000000000009fac                CLogger::CLogger(unsigned int, CTimer*, bool)
                0x0000000000009fac                CLogger::CLogger(unsigned int, CTimer*, bool)
                0x000000000000a00c                CLogger::~CLogger()
                0x000000000000a00c                CLogger::~CLogger()
                0x000000000000a084                CLogger::SetNewTarget(CDevice*)
                0x000000000000a08c                CLogger::Get()
                0x000000000000a108                CLogger::Write(char const*)
                0x000000000000a200                CLogger::WriteNoAlloc(char const*, TLogSeverity, char const*)
                0x000000000000a2e0                CLogger::Read(void*, unsigned int, bool)
                0x000000000000a3ac                CLogger::WriteEvent(char const*, TLogSeverity, char const*)
                0x000000000000a530                CLogger::ReadEvent(TLogSeverity*, char*, char*, long*, unsigned int*, int*)
                0x000000000000a610                CLogger::RegisterEventNotificationHandler(void (*)())
                0x000000000000a618                CLogger::RegisterPanicHandler(void (*)())
                0x000000000000a620                CLogger::WriteV(char const*, TLogSeverity, char const*, std::__va_list)
                0x000000000000a808                CLogger::Write(char const*, TLogSeverity, char const*, ...)
                0x000000000000a838                CLogger::Initialize(CDevice*)
 .text          0x000000000000a888      0x890 ../../lib/libcircle.a(machineinfo.o)
                0x000000000000a888                CMachineInfo::CMachineInfo()
                0x000000000000a888                CMachineInfo::CMachineInfo()
                0x000000000000accc                CMachineInfo::~CMachineInfo()
                0x000000000000accc                CMachineInfo::~CMachineInfo()
                0x000000000000ace8                CMachineInfo::GetMachineModel() const
                0x000000000000acf0                CMachineInfo::GetMachineName() const
                0x000000000000ad04                CMachineInfo::GetModelMajor() const
                0x000000000000ad0c                CMachineInfo::GetModelRevision() const
                0x000000000000ad14                CMachineInfo::GetSoCType() const
                0x000000000000ad1c                CMachineInfo::GetRAMSize() const
                0x000000000000ad24                CMachineInfo::GetSoCName() const
                0x000000000000ad3c                CMachineInfo::GetRevisionRaw() const
                0x000000000000ad44                CMachineInfo::GetActLEDInfo() const
                0x000000000000ad5c                CMachineInfo::GetClockRate(unsigned int) const
                0x000000000000ae98                CMachineInfo::GetGPIOPin(TGPIOVirtualPin) const
                0x000000000000aefc                CMachineInfo::GetGPIOClockSourceRate(unsigned int)
                0x000000000000af58                CMachineInfo::GetDevice(TDeviceId) const
                0x000000000000af88                CMachineInfo::ArePWMChannelsSwapped() const
                0x000000000000afa4                CMachineInfo::AllocateDMAChannel(unsigned int)
                0x000000000000b068                CMachineInfo::FreeDMAChannel(unsigned int)
                0x000000000000b0ec                CMachineInfo::Get()
 .text          0x000000000000b118     0x190c ../../lib/libcircle.a(screen.o)
                0x000000000000b118                CScreenDevice::~CScreenDevice()
                0x000000000000b118                CScreenDevice::~CScreenDevice()
                0x000000000000b1b0                CScreenDevice::~CScreenDevice()
                0x000000000000b2e0                CScreenDevice::CScreenDevice(unsigned int, unsigned int, bool, unsigned int)
                0x000000000000b2e0                CScreenDevice::CScreenDevice(unsigned int, unsigned int, bool, unsigned int)
                0x000000000000b374                CScreenDevice::GetWidth() const
                0x000000000000b37c                CScreenDevice::GetHeight() const
                0x000000000000b384                CScreenDevice::GetColumns() const
                0x000000000000b39c                CScreenDevice::GetRows() const
                0x000000000000b3b4                CScreenDevice::GetFrameBuffer()
                0x000000000000b3bc                CScreenDevice::GetStatus()
                0x000000000000b42c                CScreenDevice::SetStatus(TScreenStatus const&)
                0x000000000000b538                CScreenDevice::CarriageReturn()
                0x000000000000b544                CScreenDevice::CursorHome()
                0x000000000000b554                CScreenDevice::CursorLeft()
                0x000000000000b5c0                CScreenDevice::CursorMove(unsigned int, unsigned int)
                0x000000000000b624                CScreenDevice::CursorUp()
                0x000000000000b654                CScreenDevice::DeleteChars(unsigned int)
                0x000000000000b658                CScreenDevice::DeleteLines(unsigned int)
                0x000000000000b65c                CScreenDevice::GetTextBackgroundColor()
                0x000000000000b670                CScreenDevice::GetTextColor()
                0x000000000000b684                CScreenDevice::InsertLines(unsigned int)
                0x000000000000b688                CScreenDevice::InsertMode(bool)
                0x000000000000b690                CScreenDevice::ReverseScroll()
                0x000000000000b694                CScreenDevice::SetCursorMode(bool)
                0x000000000000b69c                CScreenDevice::SetScrollRegion(unsigned int, unsigned int)
                0x000000000000b714                CScreenDevice::SetStandoutMode(unsigned int)
                0x000000000000ba90                CScreenDevice::Scroll()
                0x000000000000bb98                CScreenDevice::CursorDown()
                0x000000000000bbe4                CScreenDevice::NewLine()
                0x000000000000bc38                CScreenDevice::CursorRight()
                0x000000000000bcac                CScreenDevice::Tabulator()
                0x000000000000bd2c                CScreenDevice::DisplayChar(char, unsigned int, unsigned int, unsigned short)
                0x000000000000bdfc                CScreenDevice::DisplayChar(char)
                0x000000000000bea8                CScreenDevice::EraseChar(unsigned int, unsigned int)
                0x000000000000bf30                CScreenDevice::ClearLineEnd()
                0x000000000000bfd8                CScreenDevice::EraseChars(unsigned int)
                0x000000000000bfe4                CScreenDevice::ClearDisplayEnd()
                0x000000000000c140                CScreenDevice::Initialize()
                0x000000000000c304                CScreenDevice::Write(char)
                0x000000000000c890                CScreenDevice::Write(void const*, unsigned int)
                0x000000000000c954                CScreenDevice::InvertCursor()
                0x000000000000c964                CScreenDevice::SetPixel(unsigned int, unsigned int, unsigned short)
                0x000000000000c990                CScreenDevice::GetPixel(unsigned int, unsigned int)
                0x000000000000c9c8                CScreenDevice::Rotor(unsigned int, unsigned int)
 .text          0x000000000000ca24     0x1040 ../../lib/libcircle.a(serial.o)
                0x000000000000ca24                CSerialDevice::Read(void*, unsigned int)
                0x000000000000cbb4                CSerialDevice::CSerialDevice(CInterruptSystem*, bool, unsigned int)
                0x000000000000cbb4                CSerialDevice::CSerialDevice(CInterruptSystem*, bool, unsigned int)
                0x000000000000cd6c                CSerialDevice::Initialize(unsigned int, unsigned int, unsigned int, CSerialDevice::TParity)
                0x000000000000d040                CSerialDevice::GetOptions() const
                0x000000000000d04c                CSerialDevice::SetOptions(unsigned int)
                0x000000000000d058                CSerialDevice::RegisterMagicReceivedHandler(char const*, void (*)())
                0x000000000000d108                CSerialDevice::AvailableForWrite()
                0x000000000000d1a8                CSerialDevice::AvailableForRead()
                0x000000000000d24c                CSerialDevice::Peek()
                0x000000000000d30c                CSerialDevice::Flush()
                0x000000000000d324                CSerialDevice::Write(unsigned char)
                0x000000000000d3f4                CSerialDevice::Write(void const*, unsigned int)
                0x000000000000d65c                CSerialDevice::InterruptHandler()
                0x000000000000d840                CSerialDevice::InterruptStub(void*)
                0x000000000000d9a4                CSerialDevice::~CSerialDevice()
                0x000000000000d9a4                CSerialDevice::~CSerialDevice()
                0x000000000000da00                CSerialDevice::~CSerialDevice()
 *fill*         0x000000000000da64        0x4 
 .text          0x000000000000da68     0x1768 ../../lib/libcircle.a(string.o)
                0x000000000000da68                CString::~CString()
                0x000000000000da68                CString::~CString()
                0x000000000000da94                CString::~CString()
                0x000000000000db34                CString::CString()
                0x000000000000db34                CString::CString()
                0x000000000000db4c                CString::CString(char const*)
                0x000000000000db4c                CString::CString(char const*)
                0x000000000000db8c                CString::CString(CString const&)
                0x000000000000db8c                CString::CString(CString const&)
                0x000000000000dbe8                CString::CString(CString&&)
                0x000000000000dbe8                CString::CString(CString&&)
                0x000000000000dc10                CString::operator char const*() const
                0x000000000000dc28                CString::operator=(char const*)
                0x000000000000dc6c                CString::operator=(CString const&)
                0x000000000000dcc8                CString::operator=(CString&&)
                0x000000000000dd04                CString::GetLength() const
                0x000000000000dd14                CString::Append(char const*)
                0x000000000000dd98                CString::Compare(char const*) const
                0x000000000000dda0                CString::Find(char) const
                0x000000000000ddd4                CString::Replace(char const*, char const*)
                0x000000000000df7c                CString::PutChar(char, unsigned int)
                0x000000000000dfbc                CString::PutString(char const*)
                0x000000000000e000                CString::ReserveSpace(unsigned int)
                0x000000000000e070                CString::ntoa(char*, unsigned long, unsigned int, bool)
                0x000000000000e0f8                CString::lltoa(char*, unsigned long long, unsigned int, bool)
                0x000000000000e234                CString::ftoa(char*, double, unsigned int)
                0x000000000000e480                CString::FormatV(char const*, std::__va_list)
                0x000000000000f1a4                CString::Format(char const*, ...)
 .text          0x000000000000f1d0      0x144 ../../lib/libcircle.a(sysinit.o)
                0x000000000000f1d0                __aeabi_atexit
                0x000000000000f1d4                __errno
                0x000000000000f1e0                set_qemu_exit_status
                0x000000000000f1e4                halt
                0x000000000000f1f8                reboot
                0x000000000000f21c                sysinit
 .text          0x000000000000f314      0xda4 ../../lib/libcircle.a(timer.o)
                0x000000000000f314                CTimer::CTimer(CInterruptSystem*)
                0x000000000000f314                CTimer::CTimer(CInterruptSystem*)
                0x000000000000f39c                CTimer::~CTimer()
                0x000000000000f39c                CTimer::~CTimer()
                0x000000000000f488                CTimer::SetTimeZone(int)
                0x000000000000f4a8                CTimer::GetTimeZone() const
                0x000000000000f4b0                CTimer::SetTime(unsigned int, bool)
                0x000000000000f554                CTimer::GetClockTicks()
                0x000000000000f560                CTimer::GetTicks() const
                0x000000000000f568                CTimer::GetUptime() const
                0x000000000000f570                CTimer::GetTime() const
                0x000000000000f578                CTimer::GetLocalTime(unsigned int*, unsigned int*)
                0x000000000000f630                CTimer::GetUniversalTime() const
                0x000000000000f650                CTimer::GetUniversalTime(unsigned int*, unsigned int*)
                0x000000000000f724                CTimer::GetTimeString()
                0x000000000000f8fc                CTimer::StartKernelTimer(unsigned int, void (*)(unsigned int, void*, void*), void*, void*)
                0x000000000000fa50                CTimer::CancelKernelTimer(unsigned int)
                0x000000000000faf8                CTimer::PollKernelTimers()
                0x000000000000fc40                CTimer::InterruptHandler()
                0x000000000000fd34                CTimer::InterruptHandler(void*)
                0x000000000000fd5c                CTimer::TuneMsDelay()
                0x000000000000fdf8                CTimer::Initialize()
                0x000000000000fed0                CTimer::RegisterUpdateTimeHandler(bool (*)(unsigned int, unsigned int))
                0x000000000000ff1c                CTimer::RegisterPeriodicHandler(void (*)())
                0x000000000000ff84                CTimer::SimpleMsDelay(unsigned int)
                0x000000000000ffc0                CTimer::SimpleusDelay(unsigned int)
                0x000000000000ffec                CTimer::IsLeapYear(unsigned int)
                0x0000000000010030                CTimer::GetDaysOfMonth(unsigned int, unsigned int)
                0x0000000000010088                CTimer::Get()
 .text          0x00000000000100b8      0x85c ../../lib/libcircle.a(util.o)
                0x00000000000100b8                memmove
                0x00000000000100f4                memcmp
                0x0000000000010144                strlen
                0x000000000001016c                strcmp
                0x00000000000101e0                strcasecmp
                0x0000000000010268                strncmp
                0x00000000000102d8                strncasecmp
                0x00000000000103d8                strcpy
                0x0000000000010404                strncpy
                0x000000000001043c                strcat
                0x0000000000010480                strchr
                0x00000000000104a8                strstr
                0x0000000000010510                strtok_r
                0x00000000000105e0                strtoul
                0x0000000000010758                strtoull
                0x0000000000010904                atoi
                0x0000000000010910                char2int
 .text          0x0000000000010914       0xb8 ../../lib/libcircle.a(util_fast.o)
                0x0000000000010914                memset
                0x0000000000010970                memcpy
 .text          0x00000000000109cc      0x2ac ../../lib/libcircle.a(virtualgpiopin.o)
                0x00000000000109cc                CVirtualGPIOPin::~CVirtualGPIOPin()
                0x00000000000109cc                CVirtualGPIOPin::~CVirtualGPIOPin()
                0x00000000000109d0                CVirtualGPIOPin::~CVirtualGPIOPin()
                0x00000000000109e8                CVirtualGPIOPin::Write(unsigned int)
                0x0000000000010b20                CVirtualGPIOPin::CVirtualGPIOPin(unsigned int, bool)
                0x0000000000010b20                CVirtualGPIOPin::CVirtualGPIOPin(unsigned int, bool)
                0x0000000000010c6c                CVirtualGPIOPin::Invert()
 .text.startup  0x0000000000010c78       0x14 ../../lib/libcircle.a(virtualgpiopin.o)
 .text          0x0000000000010c8c       0xb8 ../../lib/libcircle.a(chainboot.o)
                0x0000000000010cd4                EnableChainBoot
                0x0000000000010d18                IsChainBootEnabled
                0x0000000000010d30                DoChainBoot
 .text          0x0000000000010d44       0xf0 ../../lib/libcircle.a(new.o)
                0x0000000000010d44                operator new(unsigned int, int)
                0x0000000000010d6c                operator new[](unsigned int, int)
                0x0000000000010d94                operator new(unsigned int, void*)
                0x0000000000010d9c                operator new[](unsigned int, void*)
                0x0000000000010da4                operator new(unsigned int)
                0x0000000000010dbc                operator new[](unsigned int)
                0x0000000000010dd4                operator delete(void*)
                0x0000000000010dec                operator delete[](void*)
                0x0000000000010e04                operator delete(void*, unsigned int)
                0x0000000000010e1c                operator delete[](void*, unsigned int)
 .text          0x0000000000010e34      0x384 ../../lib/libcircle.a(heapallocator.o)
                0x0000000000010e34                CHeapAllocator::CHeapAllocator(char const*)
                0x0000000000010e34                CHeapAllocator::CHeapAllocator(char const*)
                0x0000000000010e94                CHeapAllocator::~CHeapAllocator()
                0x0000000000010e94                CHeapAllocator::~CHeapAllocator()
                0x0000000000010e98                CHeapAllocator::Setup(unsigned int, unsigned int, unsigned int)
                0x0000000000010eac                CHeapAllocator::GetFreeSpace() const
                0x0000000000010eb8                CHeapAllocator::Allocate(unsigned int)
                0x0000000000011064                CHeapAllocator::Free(void*)
                0x0000000000011110                CHeapAllocator::ReAllocate(void*, unsigned int)
 .text          0x00000000000111b8      0x1f4 ../../lib/libcircle.a(cache-v7.o)
                0x00000000000111b8                InvalidateDataCacheL1Only
                0x0000000000011224                InvalidateDataCache
                0x00000000000112cc                CleanDataCache
                0x0000000000011374                CleanAndInvalidateDataCacheRange
 .text          0x00000000000113ac      0x2c8 ../../lib/libcircle.a(exceptionhandler.o)
                0x00000000000113ac                CExceptionHandler::CExceptionHandler()
                0x00000000000113ac                CExceptionHandler::CExceptionHandler()
                0x0000000000011444                CExceptionHandler::~CExceptionHandler()
                0x0000000000011444                CExceptionHandler::~CExceptionHandler()
                0x0000000000011458                CExceptionHandler::Throw(unsigned int)
                0x0000000000011498                CExceptionHandler::Throw(unsigned int, TAbortFrame*)
                0x0000000000011588                CExceptionHandler::Get()
                0x00000000000115b8                ExceptionHandler
                0x0000000000011608                raise
 .text          0x0000000000011674      0x164 ../../lib/libcircle.a(exceptionstub.o)
                0x0000000000011674                UndefinedInstructionInternal
                0x00000000000116c4                PrefetchAbortStub
                0x0000000000011714                DataAbortStub
                0x0000000000011764                UndefinedInstructionStub
                0x0000000000011780                IRQStub
                0x0000000000011798                FIQStub
 .text          0x00000000000117d8      0x320 ../../lib/libcircle.a(memory.o)
                0x00000000000117d8                CMemorySystem::~CMemorySystem()
                0x00000000000117d8                CMemorySystem::~CMemorySystem()
                0x0000000000011840                CMemorySystem::Destructor()
                0x000000000001188c                CMemorySystem::GetMemSize() const
                0x00000000000118c4                CMemorySystem::Get()
                0x00000000000118f0                CMemorySystem::EnableMMU()
                0x00000000000119a8                CMemorySystem::CMemorySystem(bool)
                0x00000000000119a8                CMemorySystem::CMemorySystem(bool)
                0x0000000000011aec                CMemorySystem::GetCoherentPage(unsigned int)
 .text          0x0000000000011af8       0xa0 ../../lib/libcircle.a(pagetable.o)
                0x0000000000011af8                CPageTable::CPageTable(unsigned int)
                0x0000000000011af8                CPageTable::CPageTable(unsigned int)
                0x0000000000011b88                CPageTable::~CPageTable()
                0x0000000000011b88                CPageTable::~CPageTable()
                0x0000000000011b8c                CPageTable::GetBaseAddress() const
 .text          0x0000000000011b98        0x0 ../../lib/libcircle.a(startup.o)
 .text          0x0000000000011b98      0x134 ../../lib/libcircle.a(synchronize.o)
                0x0000000000011b98                CurrentExecutionLevel
                0x0000000000011bac                EnterCritical
                0x0000000000011c58                LeaveCritical
                0x0000000000011cac                SyncDataAndInstructionCache
 .text          0x0000000000011ccc      0x6c0 ../../lib/libcircle.a(interrupt.o)
                0x0000000000011ccc                CInterruptSystem::CInterruptSystem()
                0x0000000000011ccc                CInterruptSystem::CInterruptSystem()
                0x0000000000011cf8                CInterruptSystem::~CInterruptSystem()
                0x0000000000011cf8                CInterruptSystem::~CInterruptSystem()
                0x0000000000011d38                CInterruptSystem::Initialize()
                0x0000000000011da8                CInterruptSystem::ConnectIRQ(unsigned int, void (*)(void*), void*)
                0x0000000000011e74                CInterruptSystem::DisconnectIRQ(unsigned int)
                0x0000000000011f44                CInterruptSystem::ConnectFIQ(unsigned int, void (*)(void*), void*)
                0x0000000000011fd0                CInterruptSystem::DisconnectFIQ()
                0x0000000000012034                CInterruptSystem::EnableIRQ(unsigned int)
                0x00000000000120d0                CInterruptSystem::DisableIRQ(unsigned int)
                0x000000000001216c                CInterruptSystem::EnableFIQ(unsigned int)
                0x00000000000121a4                CInterruptSystem::DisableFIQ()
                0x00000000000121b8                CInterruptSystem::Get()
                0x00000000000121e8                CInterruptSystem::CallIRQHandler(unsigned int)
                0x000000000001223c                CInterruptSystem::InterruptHandler()
                0x0000000000012388                InterruptHandler
 .text          0x000000000001238c       0x84 ../../lib/libcircle.a(assert.o)
                0x000000000001238c                assertion_failed
 .text          0x0000000000012410      0x4c8 ../../lib/libcircle.a(bcmframebuffer.o)
                0x00000000000124a0                CBcmFrameBuffer::CBcmFrameBuffer(unsigned int, unsigned int, unsigned int, unsigned int, unsigned int, unsigned int, bool)
                0x00000000000124a0                CBcmFrameBuffer::CBcmFrameBuffer(unsigned int, unsigned int, unsigned int, unsigned int, unsigned int, unsigned int, bool)
                0x0000000000012604                CBcmFrameBuffer::~CBcmFrameBuffer()
                0x0000000000012604                CBcmFrameBuffer::~CBcmFrameBuffer()
                0x0000000000012628                CBcmFrameBuffer::SetPalette(unsigned char, unsigned short)
                0x0000000000012664                CBcmFrameBuffer::SetPalette32(unsigned char, unsigned int)
                0x000000000001267c                CBcmFrameBuffer::Initialize()
                0x0000000000012758                CBcmFrameBuffer::GetWidth() const
                0x0000000000012760                CBcmFrameBuffer::GetHeight() const
                0x0000000000012768                CBcmFrameBuffer::GetVirtWidth() const
                0x0000000000012770                CBcmFrameBuffer::GetVirtHeight() const
                0x0000000000012778                CBcmFrameBuffer::GetPitch() const
                0x0000000000012780                CBcmFrameBuffer::GetDepth() const
                0x0000000000012788                CBcmFrameBuffer::GetBuffer() const
                0x0000000000012790                CBcmFrameBuffer::GetSize() const
                0x0000000000012798                CBcmFrameBuffer::UpdatePalette()
                0x00000000000127b0                CBcmFrameBuffer::SetVirtualOffset(unsigned int, unsigned int)
                0x000000000001282c                CBcmFrameBuffer::WaitForVerticalSync()
                0x0000000000012878                CBcmFrameBuffer::SetBacklightBrightness(unsigned int)
                0x00000000000128cc                CBcmFrameBuffer::SetDisplay()
                0x00000000000128d0                CBcmFrameBuffer::GetNumDisplays()
 .text          0x00000000000128d8      0x198 ../../lib/libcircle.a(bcmpropertytags.o)
                0x00000000000128d8                CBcmPropertyTags::CBcmPropertyTags(bool)
                0x00000000000128d8                CBcmPropertyTags::CBcmPropertyTags(bool)
                0x00000000000128f4                CBcmPropertyTags::~CBcmPropertyTags()
                0x00000000000128f4                CBcmPropertyTags::~CBcmPropertyTags()
                0x0000000000012908                CBcmPropertyTags::GetTags(void*, unsigned int)
                0x00000000000129f0                CBcmPropertyTags::GetTag(unsigned int, void*, unsigned int, unsigned int)
 .text          0x0000000000012a70       0x94 ../../lib/libcircle.a(chargenerator.o)
                0x0000000000012a70                CCharGenerator::CCharGenerator()
                0x0000000000012a70                CCharGenerator::CCharGenerator()
                0x0000000000012a7c                CCharGenerator::~CCharGenerator()
                0x0000000000012a7c                CCharGenerator::~CCharGenerator()
                0x0000000000012a80                CCharGenerator::GetCharWidth() const
                0x0000000000012a88                CCharGenerator::GetCharHeight() const
                0x0000000000012a90                CCharGenerator::GetUnderline() const
                0x0000000000012a98                CCharGenerator::GetPixel(char, unsigned int, unsigned int) const
 .text          0x0000000000012b04      0x19c ../../lib/libcircle.a(debug.o)
                0x0000000000012b04                debug_hexdump(void const*, unsigned int, char const*)
                0x0000000000012c10                debug_stacktrace(unsigned int const*, char const*)
 .text          0x0000000000012ca0       0x14 ../../lib/libcircle.a(delayloop.o)
                0x0000000000012ca0                DelayLoop
 .text          0x0000000000012cb4      0x1d4 ../../lib/libcircle.a(device.o)
                0x0000000000012cb4                CDevice::Read(void*, unsigned int)
                0x0000000000012cb4                CDevice::Write(void const*, unsigned int)
                0x0000000000012cbc                CDevice::Seek(unsigned long long)
                0x0000000000012cc8                CDevice::GetSize() const
                0x0000000000012cd4                CDevice::RemoveDevice()
                0x0000000000012cdc                CDevice::~CDevice()
                0x0000000000012cdc                CDevice::~CDevice()
                0x0000000000012d70                CDevice::~CDevice()
                0x0000000000012d90                CDevice::CDevice()
                0x0000000000012d90                CDevice::CDevice()
                0x0000000000012db0                CDevice::RegisterRemovedHandler(void (*)(CDevice*, void*), void*)
                0x0000000000012e20                CDevice::UnregisterRemovedHandler(void*)
 .text          0x0000000000012e88      0xb34 ../../lib/libcircle.a(dmachannel.o)
                0x0000000000012e88                CDMAChannel::CDMAChannel(unsigned int, CInterruptSystem*)
                0x0000000000012e88                CDMAChannel::CDMAChannel(unsigned int, CInterruptSystem*)
                0x0000000000012f74                CDMAChannel::~CDMAChannel()
                0x0000000000012f74                CDMAChannel::~CDMAChannel()
                0x0000000000013060                CDMAChannel::SetupMemCopy(void*, void const*, unsigned int, unsigned int, bool)
                0x00000000000131d4                CDMAChannel::SetupIORead(void*, unsigned int, unsigned int, TDREQ)
                0x0000000000013308                CDMAChannel::SetupIOWrite(unsigned int, void const*, unsigned int, TDREQ)
                0x000000000001343c                CDMAChannel::SetupMemCopy2D(void*, void const*, unsigned int, unsigned int, unsigned int, unsigned int)
                0x00000000000135d8                CDMAChannel::SetCompletionRoutine(void (*)(unsigned int, bool, void*), void*)
                0x000000000001367c                CDMAChannel::Start()
                0x00000000000137a4                CDMAChannel::Wait()
                0x0000000000013830                CDMAChannel::GetStatus()
                0x0000000000013888                CDMAChannel::InterruptHandler()
                0x0000000000013998                CDMAChannel::InterruptStub(void*)
 .text          0x00000000000139bc      0x338 ../../lib/libcircle.a(gpiomanager.o)
                0x00000000000139bc                CGPIOManager::CGPIOManager(CInterruptSystem*)
                0x00000000000139bc                CGPIOManager::CGPIOManager(CInterruptSystem*)
                0x00000000000139e0                CGPIOManager::~CGPIOManager()
                0x00000000000139e0                CGPIOManager::~CGPIOManager()
                0x0000000000013a60                CGPIOManager::Initialize()
                0x0000000000013ad0                CGPIOManager::ConnectInterrupt(CGPIOPin*)
                0x0000000000013b6c                CGPIOManager::DisconnectInterrupt(CGPIOPin*)
                0x0000000000013c0c                CGPIOManager::InterruptHandler()
                0x0000000000013ccc                CGPIOManager::InterruptStub(void*)
 .text          0x0000000000013cf4      0x44c ../../lib/libcircle.a(ptrlist.o)
                0x0000000000013cf4                CPtrList::CPtrList()
                0x0000000000013cf4                CPtrList::CPtrList()
                0x0000000000013d00                CPtrList::~CPtrList()
                0x0000000000013d00                CPtrList::~CPtrList()
                0x0000000000013d28                CPtrList::GetFirst()
                0x0000000000013d30                CPtrList::GetNext(TPtrListElement*)
                0x0000000000013d88                CPtrList::GetPtr(TPtrListElement*)
                0x0000000000013de0                CPtrList::InsertBefore(TPtrListElement*, void*)
                0x0000000000013ed0                CPtrList::InsertAfter(TPtrListElement*, void*)
                0x0000000000013fc0                CPtrList::Remove(TPtrListElement*)
                0x00000000000140e8                CPtrList::Find(void*)
 .text          0x0000000000014140      0x1c8 ../../lib/libcircle.a(pageallocator.o)
                0x0000000000014140                CPageAllocator::CPageAllocator()
                0x0000000000014140                CPageAllocator::CPageAllocator()
                0x000000000001415c                CPageAllocator::~CPageAllocator()
                0x000000000001415c                CPageAllocator::~CPageAllocator()
                0x0000000000014160                CPageAllocator::Setup(unsigned int, unsigned int)
                0x00000000000141c8                CPageAllocator::GetFreeSpace() const
                0x00000000000141d4                CPageAllocator::Allocate()
                0x00000000000142a0                CPageAllocator::Free(void*)
 .text          0x0000000000014308      0x1c8 ../../lib/libcircle.a(bcmmailbox.o)
                0x0000000000014308                CBcmMailBox::CBcmMailBox(unsigned int, bool)
                0x0000000000014308                CBcmMailBox::CBcmMailBox(unsigned int, bool)
                0x0000000000014314                CBcmMailBox::~CBcmMailBox()
                0x0000000000014314                CBcmMailBox::~CBcmMailBox()
                0x0000000000014318                CBcmMailBox::WriteRead(unsigned int)
                0x0000000000014424                CBcmMailBox::Flush()
                0x0000000000014458                CBcmMailBox::Read()
                0x0000000000014488                CBcmMailBox::Write(unsigned int)
 .text.startup  0x00000000000144d0       0x14 ../../lib/libcircle.a(bcmmailbox.o)
 .text          0x00000000000144e4       0xa0 /usr/lib/gcc/arm-none-eabi/10.3.1/thumb/v7ve+simd/hard/libgcc.a(_aeabi_ldivmod.o)
                0x00000000000144e4                __aeabi_ldivmod
 .text          0x0000000000014584       0x30 /usr/lib/gcc/arm-none-eabi/10.3.1/thumb/v7ve+simd/hard/libgcc.a(_aeabi_uldivmod.o)
                0x0000000000014584                __aeabi_uldivmod
 .text          0x00000000000145b4      0x36c /usr/lib/gcc/arm-none-eabi/10.3.1/thumb/v7ve+simd/hard/libgcc.a(_udivmoddi4.o)
                0x00000000000145b4                __udivmoddi4
 .text          0x0000000000014920        0x4 /usr/lib/gcc/arm-none-eabi/10.3.1/thumb/v7ve+simd/hard/libgcc.a(_dvmd_tls.o)
                0x0000000000014920                __aeabi_ldiv0
                0x0000000000014920                __aeabi_idiv0
                0x0000000000014924                _etext = .

.glue_7         0x0000000000014924        0x0
 .glue_7        0x0000000000014924        0x0 linker stubs

.glue_7t        0x0000000000014924        0x0
 .glue_7t       0x0000000000014924        0x0 linker stubs

.vfp11_veneer   0x0000000000014924        0x0
 .vfp11_veneer  0x0000000000014924        0x0 linker stubs

.v4_bx          0x0000000000014924        0x0
 .v4_bx         0x0000000000014924        0x0 linker stubs

.iplt           0x0000000000014924        0x0
 .iplt          0x0000000000014924        0x0 main.o

.rodata         0x0000000000014924     0x278f
 *(.rodata*)
 .rodata.str1.4
                0x0000000000014924       0x3e kernel.o
                                         0x42 (size before relaxing)
 *fill*         0x0000000000014962        0x2 
 .rodata        0x0000000000014964        0x7 kernel.o
 *fill*         0x000000000001496b        0x1 
 .rodata.str1.4
                0x000000000001496c       0x93 ../../lib/libcircle.a(devicenameservice.o)
                                         0x96 (size before relaxing)
 *fill*         0x00000000000149ff        0x1 
 .rodata        0x0000000000014a00      0x2e5 ../../lib/libcircle.a(gpiopin.o)
                0x0000000000014a00                vtable for CGPIOPin
 *fill*         0x0000000000014ce5        0x3 
 .rodata.str1.4
                0x0000000000014ce8       0xc0 ../../lib/libcircle.a(koptions.o)
 .rodata        0x0000000000014da8        0x2 ../../lib/libcircle.a(koptions.o)
 *fill*         0x0000000000014daa        0x2 
 .rodata        0x0000000000014dac       0x3b ../../lib/libcircle.a(logger.o)
 *fill*         0x0000000000014de7        0x1 
 .rodata        0x0000000000014de8      0x4d6 ../../lib/libcircle.a(machineinfo.o)
 *fill*         0x00000000000152be        0x2 
 .rodata.str1.4
                0x00000000000152c0        0x4 ../../lib/libcircle.a(screen.o)
 .rodata        0x00000000000152c4       0x29 ../../lib/libcircle.a(screen.o)
                0x00000000000152c4                vtable for CScreenDevice
 *fill*         0x00000000000152ed        0x3 
 .rodata        0x00000000000152f0      0x1b8 ../../lib/libcircle.a(serial.o)
                0x0000000000015314                vtable for CSerialDevice
 .rodata.str1.4
                0x00000000000154a8       0x13 ../../lib/libcircle.a(string.o)
                                         0x17 (size before relaxing)
 *fill*         0x00000000000154bb        0x1 
 .rodata        0x00000000000154bc       0x10 ../../lib/libcircle.a(string.o)
                0x00000000000154bc                vtable for CString
 .rodata.str1.4
                0x00000000000154cc        0x6 ../../lib/libcircle.a(sysinit.o)
 *fill*         0x00000000000154d2        0x2 
 .rodata.str1.4
                0x00000000000154d4      0x200 ../../lib/libcircle.a(timer.o)
                                        0x210 (size before relaxing)
 .rodata        0x00000000000156d4       0x36 ../../lib/libcircle.a(timer.o)
                0x00000000000156d4                CTimer::s_nDaysOfMonth
 *fill*         0x000000000001570a        0x2 
 .rodata        0x000000000001570c       0x30 ../../lib/libcircle.a(virtualgpiopin.o)
                0x000000000001572c                vtable for CVirtualGPIOPin
 .rodata.str1.4
                0x000000000001573c       0x7b ../../lib/libcircle.a(heapallocator.o)
 *fill*         0x00000000000157b7        0x1 
 .rodata.str1.4
                0x00000000000157b8       0xc4 ../../lib/libcircle.a(exceptionhandler.o)
                                         0xe4 (size before relaxing)
 .rodata        0x000000000001587c        0x7 ../../lib/libcircle.a(exceptionhandler.o)
 *fill*         0x0000000000015883        0x1 
 .rodata        0x0000000000015884       0x90 ../../lib/libcircle.a(memory.o)
 .rodata.str1.4
                0x0000000000015914       0xb5 ../../lib/libcircle.a(synchronize.o)
 *fill*         0x00000000000159c9        0x3 
 .rodata.str1.4
                0x00000000000159cc       0xf1 ../../lib/libcircle.a(interrupt.o)
                                        0x111 (size before relaxing)
 *fill*         0x0000000000015abd        0x3 
 .rodata.str1.4
                0x0000000000015ac0       0x1d ../../lib/libcircle.a(assert.o)
 *fill*         0x0000000000015add        0x3 
 .rodata        0x0000000000015ae0       0x70 ../../lib/libcircle.a(bcmframebuffer.o)
                0x0000000000015ae0                CBcmFrameBuffer::s_InitTags
 .rodata        0x0000000000015b50       0x98 ../../lib/libcircle.a(bcmpropertytags.o)
 .rodata.str1.4
                0x0000000000015be8       0x29 ../../lib/libcircle.a(chargenerator.o)
 *fill*         0x0000000000015c11        0x3 
 .rodata        0x0000000000015c14      0xdf0 ../../lib/libcircle.a(chargenerator.o)
 .rodata.str1.4
                0x0000000000016a04       0x93 ../../lib/libcircle.a(debug.o)
 *fill*         0x0000000000016a97        0x1 
 .rodata        0x0000000000016a98        0x6 ../../lib/libcircle.a(debug.o)
 *fill*         0x0000000000016a9e        0x2 
 .rodata.str1.4
                0x0000000000016aa0       0x3e ../../lib/libcircle.a(device.o)
                                         0x4e (size before relaxing)
 *fill*         0x0000000000016ade        0x2 
 .rodata        0x0000000000016ae0       0x24 ../../lib/libcircle.a(device.o)
                0x0000000000016ae0                vtable for CDevice
 .rodata        0x0000000000016b04      0x33f ../../lib/libcircle.a(dmachannel.o)
 *fill*         0x0000000000016e43        0x1 
 .rodata.str1.4
                0x0000000000016e44       0x9c ../../lib/libcircle.a(gpiomanager.o)
 .rodata.str1.4
                0x0000000000016ee0      0x166 ../../lib/libcircle.a(ptrlist.o)
                                        0x176 (size before relaxing)
 *fill*         0x0000000000017046        0x2 
 .rodata        0x0000000000017048       0x48 ../../lib/libcircle.a(pageallocator.o)
 .rodata.str1.4
                0x0000000000017090       0x23 ../../lib/libcircle.a(bcmmailbox.o)

.ARM.extab      0x00000000000170b3        0x0
 .ARM.extab     0x00000000000170b3        0x0 /usr/lib/gcc/arm-none-eabi/10.3.1/thumb/v7ve+simd/hard/libgcc.a(_udivmoddi4.o)

.init_array     0x00000000000170b4        0xc
                0x00000000000170b4                __init_start = .
 *(.init_array*)
 .init_array    0x00000000000170b4        0x4 ../../lib/libcircle.a(gpiopin.o)
 .init_array    0x00000000000170b8        0x4 ../../lib/libcircle.a(virtualgpiopin.o)
 .init_array    0x00000000000170bc        0x4 ../../lib/libcircle.a(bcmmailbox.o)
                0x00000000000170c0                __init_end = .

.ARM.exidx      0x00000000000170c0        0x8
                0x00000000000170c0                __exidx_start = .
 *(.ARM.exidx*)
 .ARM.exidx     0x00000000000170c0        0x8 /usr/lib/gcc/arm-none-eabi/10.3.1/thumb/v7ve+simd/hard/libgcc.a(_udivmoddi4.o)
                0x00000000000170c8                __exidx_end = .

.rel.dyn        0x00000000000170c8        0x0
 .rel.iplt      0x00000000000170c8        0x0 main.o

.eh_frame
 *(.eh_frame*)

.data           0x00000000000170c8       0x70
 *(.data*)
 .data          0x00000000000170c8        0x0 main.o
 .data          0x00000000000170c8        0x0 kernel.o
 .data          0x00000000000170c8        0x0 ../../lib/libcircle.a(actled.o)
 .data          0x00000000000170c8        0x0 ../../lib/libcircle.a(devicenameservice.o)
 .data          0x00000000000170c8        0x0 ../../lib/libcircle.a(gpiopin.o)
 .data          0x00000000000170c8        0x0 ../../lib/libcircle.a(koptions.o)
 .data          0x00000000000170c8        0x0 ../../lib/libcircle.a(logger.o)
 .data          0x00000000000170c8        0x0 ../../lib/libcircle.a(machineinfo.o)
 .data          0x00000000000170c8        0x0 ../../lib/libcircle.a(screen.o)
 .data          0x00000000000170c8        0x0 ../../lib/libcircle.a(serial.o)
 .data          0x00000000000170c8        0x0 ../../lib/libcircle.a(string.o)
 .data          0x00000000000170c8        0x0 ../../lib/libcircle.a(sysinit.o)
 .data          0x00000000000170c8       0x30 ../../lib/libcircle.a(timer.o)
                0x00000000000170c8                CTimer::s_pMonthName
 .data          0x00000000000170f8        0x0 ../../lib/libcircle.a(util.o)
 .data          0x00000000000170f8        0x0 ../../lib/libcircle.a(util_fast.o)
 .data          0x00000000000170f8        0x0 ../../lib/libcircle.a(virtualgpiopin.o)
 .data          0x00000000000170f8        0x0 ../../lib/libcircle.a(chainboot.o)
 .data          0x00000000000170f8        0x0 ../../lib/libcircle.a(new.o)
 .data          0x00000000000170f8       0x1c ../../lib/libcircle.a(heapallocator.o)
                0x00000000000170f8                CHeapAllocator::s_nBucketSize
 .data          0x0000000000017114        0x0 ../../lib/libcircle.a(cache-v7.o)
 .data          0x0000000000017114       0x14 ../../lib/libcircle.a(exceptionhandler.o)
                0x0000000000017114                CExceptionHandler::s_pExceptionName
 .data          0x0000000000017128       0x10 ../../lib/libcircle.a(exceptionstub.o)
                0x0000000000017128                FIQData
                0x0000000000017134                IRQReturnAddress
 .data          0x0000000000017138        0x0 ../../lib/libcircle.a(memory.o)
 .data          0x0000000000017138        0x0 ../../lib/libcircle.a(pagetable.o)
 .data          0x0000000000017138        0x0 ../../lib/libcircle.a(startup.o)
 .data          0x0000000000017138        0x0 ../../lib/libcircle.a(synchronize.o)
 .data          0x0000000000017138        0x0 ../../lib/libcircle.a(interrupt.o)
 .data          0x0000000000017138        0x0 ../../lib/libcircle.a(assert.o)
 .data          0x0000000000017138        0x0 ../../lib/libcircle.a(bcmframebuffer.o)
 .data          0x0000000000017138        0x0 ../../lib/libcircle.a(bcmpropertytags.o)
 .data          0x0000000000017138        0x0 ../../lib/libcircle.a(chargenerator.o)
 .data          0x0000000000017138        0x0 ../../lib/libcircle.a(debug.o)
 .data          0x0000000000017138        0x0 ../../lib/libcircle.a(delayloop.o)
 .data          0x0000000000017138        0x0 ../../lib/libcircle.a(device.o)
 .data          0x0000000000017138        0x0 ../../lib/libcircle.a(dmachannel.o)
 .data          0x0000000000017138        0x0 ../../lib/libcircle.a(gpiomanager.o)
 .data          0x0000000000017138        0x0 ../../lib/libcircle.a(ptrlist.o)
 .data          0x0000000000017138        0x0 ../../lib/libcircle.a(pageallocator.o)
 .data          0x0000000000017138        0x0 ../../lib/libcircle.a(bcmmailbox.o)
 .data          0x0000000000017138        0x0 /usr/lib/gcc/arm-none-eabi/10.3.1/thumb/v7ve+simd/hard/libgcc.a(_aeabi_ldivmod.o)
 .data          0x0000000000017138        0x0 /usr/lib/gcc/arm-none-eabi/10.3.1/thumb/v7ve+simd/hard/libgcc.a(_aeabi_uldivmod.o)
 .data          0x0000000000017138        0x0 /usr/lib/gcc/arm-none-eabi/10.3.1/thumb/v7ve+simd/hard/libgcc.a(_udivmoddi4.o)
 .data          0x0000000000017138        0x0 /usr/lib/gcc/arm-none-eabi/10.3.1/thumb/v7ve+simd/hard/libgcc.a(_dvmd_tls.o)

.igot.plt       0x0000000000017138        0x0
 .igot.plt      0x0000000000017138        0x0 main.o

.bss            0x0000000000017138       0xb8
                0x0000000000017138                __bss_start = .
 *(.bss*)
 .bss           0x0000000000017138        0x0 main.o
 .bss           0x0000000000017138        0x0 kernel.o
 .bss           0x0000000000017138        0x4 ../../lib/libcircle.a(actled.o)
                0x0000000000017138                CActLED::s_pThis
 .bss           0x000000000001713c        0x4 ../../lib/libcircle.a(devicenameservice.o)
                0x000000000001713c                CDeviceNameService::s_This
 .bss           0x0000000000017140        0x4 ../../lib/libcircle.a(gpiopin.o)
                0x0000000000017140                CGPIOPin::s_SpinLock
 .bss           0x0000000000017144        0x4 ../../lib/libcircle.a(koptions.o)
                0x0000000000017144                CKernelOptions::s_pThis
 .bss           0x0000000000017148        0x4 ../../lib/libcircle.a(logger.o)
                0x0000000000017148                CLogger::s_pThis
 .bss           0x000000000001714c        0x4 ../../lib/libcircle.a(machineinfo.o)
                0x000000000001714c                CMachineInfo::s_pThis
 .bss           0x0000000000017150        0x0 ../../lib/libcircle.a(screen.o)
 .bss           0x0000000000017150       0x14 ../../lib/libcircle.a(serial.o)
                0x0000000000017150                CSerialDevice::s_pThis
                0x0000000000017154                CSerialDevice::s_nInterruptUseCount
                0x0000000000017158                CSerialDevice::s_pInterruptSystem
                0x000000000001715c                CSerialDevice::s_bUseFIQ
                0x0000000000017160                CSerialDevice::s_nInterruptDeviceMask
 .bss           0x0000000000017164        0x0 ../../lib/libcircle.a(string.o)
 .bss           0x0000000000017164       0x14 ../../lib/libcircle.a(sysinit.o)
                0x0000000000017168                circle_version_string
                0x0000000000017174                __dso_handle
 .bss           0x0000000000017178        0x4 ../../lib/libcircle.a(timer.o)
                0x0000000000017178                CTimer::s_pThis
 .bss           0x000000000001717c        0x0 ../../lib/libcircle.a(util.o)
 .bss           0x000000000001717c        0x0 ../../lib/libcircle.a(util_fast.o)
 .bss           0x000000000001717c        0x8 ../../lib/libcircle.a(virtualgpiopin.o)
                0x000000000001717c                CVirtualGPIOPin::s_nGPIOBaseAddress
                0x0000000000017180                CVirtualGPIOPin::s_SpinLock
 .bss           0x0000000000017184        0x8 ../../lib/libcircle.a(chainboot.o)
 .bss           0x000000000001718c        0x0 ../../lib/libcircle.a(new.o)
 .bss           0x000000000001718c        0x0 ../../lib/libcircle.a(heapallocator.o)
 .bss           0x000000000001718c        0x0 ../../lib/libcircle.a(cache-v7.o)
 .bss           0x000000000001718c        0x4 ../../lib/libcircle.a(exceptionhandler.o)
                0x000000000001718c                CExceptionHandler::s_pThis
 .bss           0x0000000000017190        0x0 ../../lib/libcircle.a(exceptionstub.o)
 .bss           0x0000000000017190        0x4 ../../lib/libcircle.a(memory.o)
                0x0000000000017190                CMemorySystem::s_pThis
 .bss           0x0000000000017194        0x0 ../../lib/libcircle.a(pagetable.o)
 .bss           0x0000000000017194        0x0 ../../lib/libcircle.a(startup.o)
 .bss           0x0000000000017194       0x54 ../../lib/libcircle.a(synchronize.o)
 .bss           0x00000000000171e8        0x4 ../../lib/libcircle.a(interrupt.o)
                0x00000000000171e8                CInterruptSystem::s_pThis
 .bss           0x00000000000171ec        0x0 ../../lib/libcircle.a(assert.o)
 .bss           0x00000000000171ec        0x0 ../../lib/libcircle.a(bcmframebuffer.o)
 .bss           0x00000000000171ec        0x0 ../../lib/libcircle.a(bcmpropertytags.o)
 .bss           0x00000000000171ec        0x0 ../../lib/libcircle.a(chargenerator.o)
 .bss           0x00000000000171ec        0x0 ../../lib/libcircle.a(debug.o)
 .bss           0x00000000000171ec        0x0 ../../lib/libcircle.a(delayloop.o)
 .bss           0x00000000000171ec        0x0 ../../lib/libcircle.a(device.o)
 .bss           0x00000000000171ec        0x0 ../../lib/libcircle.a(dmachannel.o)
 .bss           0x00000000000171ec        0x0 ../../lib/libcircle.a(gpiomanager.o)
 .bss           0x00000000000171ec        0x0 ../../lib/libcircle.a(ptrlist.o)
 .bss           0x00000000000171ec        0x0 ../../lib/libcircle.a(pageallocator.o)
 .bss           0x00000000000171ec        0x4 ../../lib/libcircle.a(bcmmailbox.o)
                0x00000000000171ec                CBcmMailBox::s_SpinLock
 .bss           0x00000000000171f0        0x0 /usr/lib/gcc/arm-none-eabi/10.3.1/thumb/v7ve+simd/hard/libgcc.a(_aeabi_ldivmod.o)
 .bss           0x00000000000171f0        0x0 /usr/lib/gcc/arm-none-eabi/10.3.1/thumb/v7ve+simd/hard/libgcc.a(_aeabi_uldivmod.o)
 .bss           0x00000000000171f0        0x0 /usr/lib/gcc/arm-none-eabi/10.3.1/thumb/v7ve+simd/hard/libgcc.a(_udivmoddi4.o)
 .bss           0x00000000000171f0        0x0 /usr/lib/gcc/arm-none-eabi/10.3.1/thumb/v7ve+simd/hard/libgcc.a(_dvmd_tls.o)
 *(COMMON)
                0x00000000000171f0                _end = .
LOAD main.o
LOAD kernel.o
START GROUP
LOAD ../../lib/libcircle.a
LOAD /usr/lib/gcc/arm-none-eabi/10.3.1/thumb/v7ve+simd/hard/libgcc.a
LOAD /usr/lib/gcc/arm-none-eabi/10.3.1/../../../arm-none-eabi/lib/thumb/v7ve+simd/hard/libm.a
END GROUP
OUTPUT(kernel7.elf elf32-littlearm)
LOAD linker stubs

.debug_info     0x0000000000000000    0x2a7bd
 .debug_info    0x0000000000000000     0x1922 main.o
 .debug_info    0x0000000000001922     0x2048 kernel.o
 .debug_info    0x000000000000396a     0x1388 ../../lib/libcircle.a(actled.o)
 .debug_info    0x0000000000004cf2      0xe4f ../../lib/libcircle.a(devicenameservice.o)
 .debug_info    0x0000000000005b41     0x2c09 ../../lib/libcircle.a(gpiopin.o)
 .debug_info    0x000000000000874a     0x13de ../../lib/libcircle.a(koptions.o)
 .debug_info    0x0000000000009b28     0x2262 ../../lib/libcircle.a(logger.o)
 .debug_info    0x000000000000bd8a     0x106a ../../lib/libcircle.a(machineinfo.o)
 .debug_info    0x000000000000cdf4     0x38cd ../../lib/libcircle.a(screen.o)
 .debug_info    0x00000000000106c1     0x267b ../../lib/libcircle.a(serial.o)
 .debug_info    0x0000000000012d3c     0x2c1d ../../lib/libcircle.a(string.o)
 .debug_info    0x0000000000015959      0xf33 ../../lib/libcircle.a(sysinit.o)
 .debug_info    0x000000000001688c     0x27b2 ../../lib/libcircle.a(timer.o)
 .debug_info    0x000000000001903e      0x91a ../../lib/libcircle.a(util.o)
 .debug_info    0x0000000000019958     0x10ea ../../lib/libcircle.a(virtualgpiopin.o)
 .debug_info    0x000000000001aa42      0x238 ../../lib/libcircle.a(chainboot.o)
 .debug_info    0x000000000001ac7a      0xb08 ../../lib/libcircle.a(new.o)
 .debug_info    0x000000000001b782     0x1677 ../../lib/libcircle.a(heapallocator.o)
 .debug_info    0x000000000001cdf9     0x1545 ../../lib/libcircle.a(exceptionhandler.o)
 .debug_info    0x000000000001e33e      0xeca ../../lib/libcircle.a(memory.o)
 .debug_info    0x000000000001f208      0x2a6 ../../lib/libcircle.a(pagetable.o)
 .debug_info    0x000000000001f4ae      0x215 ../../lib/libcircle.a(synchronize.o)
 .debug_info    0x000000000001f6c3     0x132b ../../lib/libcircle.a(interrupt.o)
 .debug_info    0x00000000000209ee      0xef0 ../../lib/libcircle.a(assert.o)
 .debug_info    0x00000000000218de     0x1105 ../../lib/libcircle.a(bcmframebuffer.o)
 .debug_info    0x00000000000229e3      0xcea ../../lib/libcircle.a(bcmpropertytags.o)
 .debug_info    0x00000000000236cd      0x3b7 ../../lib/libcircle.a(chargenerator.o)
 .debug_info    0x0000000000023a84      0xf64 ../../lib/libcircle.a(debug.o)
 .debug_info    0x00000000000249e8      0x93a ../../lib/libcircle.a(device.o)
 .debug_info    0x0000000000025322     0x2341 ../../lib/libcircle.a(dmachannel.o)
 .debug_info    0x0000000000027663      0xa41 ../../lib/libcircle.a(gpiomanager.o)
 .debug_info    0x00000000000280a4      0x7e3 ../../lib/libcircle.a(ptrlist.o)
 .debug_info    0x0000000000028887      0x5f0 ../../lib/libcircle.a(pageallocator.o)
 .debug_info    0x0000000000028e77     0x11b9 ../../lib/libcircle.a(bcmmailbox.o)
 .debug_info    0x000000000002a030       0x26 /usr/lib/gcc/arm-none-eabi/10.3.1/thumb/v7ve+simd/hard/libgcc.a(_aeabi_ldivmod.o)
 .debug_info    0x000000000002a056       0x26 /usr/lib/gcc/arm-none-eabi/10.3.1/thumb/v7ve+simd/hard/libgcc.a(_aeabi_uldivmod.o)
 .debug_info    0x000000000002a07c      0x71b /usr/lib/gcc/arm-none-eabi/10.3.1/thumb/v7ve+simd/hard/libgcc.a(_udivmoddi4.o)
 .debug_info    0x000000000002a797       0x26 /usr/lib/gcc/arm-none-eabi/10.3.1/thumb/v7ve+simd/hard/libgcc.a(_dvmd_tls.o)

.debug_abbrev   0x0000000000000000     0x8175
 .debug_abbrev  0x0000000000000000      0x362 main.o
 .debug_abbrev  0x0000000000000362      0x53d kernel.o
 .debug_abbrev  0x000000000000089f      0x449 ../../lib/libcircle.a(actled.o)
 .debug_abbrev  0x0000000000000ce8      0x346 ../../lib/libcircle.a(devicenameservice.o)
 .debug_abbrev  0x000000000000102e      0x5fc ../../lib/libcircle.a(gpiopin.o)
 .debug_abbrev  0x000000000000162a      0x443 ../../lib/libcircle.a(koptions.o)
 .debug_abbrev  0x0000000000001a6d      0x554 ../../lib/libcircle.a(logger.o)
 .debug_abbrev  0x0000000000001fc1      0x3f4 ../../lib/libcircle.a(machineinfo.o)
 .debug_abbrev  0x00000000000023b5      0x61e ../../lib/libcircle.a(screen.o)
 .debug_abbrev  0x00000000000029d3      0x622 ../../lib/libcircle.a(serial.o)
 .debug_abbrev  0x0000000000002ff5      0x45a ../../lib/libcircle.a(string.o)
 .debug_abbrev  0x000000000000344f      0x3cf ../../lib/libcircle.a(sysinit.o)
 .debug_abbrev  0x000000000000381e      0x610 ../../lib/libcircle.a(timer.o)
 .debug_abbrev  0x0000000000003e2e      0x246 ../../lib/libcircle.a(util.o)
 .debug_abbrev  0x0000000000004074      0x498 ../../lib/libcircle.a(virtualgpiopin.o)
 .debug_abbrev  0x000000000000450c      0x146 ../../lib/libcircle.a(chainboot.o)
 .debug_abbrev  0x0000000000004652      0x296 ../../lib/libcircle.a(new.o)
 .debug_abbrev  0x00000000000048e8      0x46c ../../lib/libcircle.a(heapallocator.o)
 .debug_abbrev  0x0000000000004d54      0x47b ../../lib/libcircle.a(exceptionhandler.o)
 .debug_abbrev  0x00000000000051cf      0x3cb ../../lib/libcircle.a(memory.o)
 .debug_abbrev  0x000000000000559a      0x1b9 ../../lib/libcircle.a(pagetable.o)
 .debug_abbrev  0x0000000000005753      0x103 ../../lib/libcircle.a(synchronize.o)
 .debug_abbrev  0x0000000000005856      0x46c ../../lib/libcircle.a(interrupt.o)
 .debug_abbrev  0x0000000000005cc2      0x2d0 ../../lib/libcircle.a(assert.o)
 .debug_abbrev  0x0000000000005f92      0x4b3 ../../lib/libcircle.a(bcmframebuffer.o)
 .debug_abbrev  0x0000000000006445      0x2f0 ../../lib/libcircle.a(bcmpropertytags.o)
 .debug_abbrev  0x0000000000006735      0x1ae ../../lib/libcircle.a(chargenerator.o)
 .debug_abbrev  0x00000000000068e3      0x2e8 ../../lib/libcircle.a(debug.o)
 .debug_abbrev  0x0000000000006bcb      0x310 ../../lib/libcircle.a(device.o)
 .debug_abbrev  0x0000000000006edb      0x4d2 ../../lib/libcircle.a(dmachannel.o)
 .debug_abbrev  0x00000000000073ad      0x39c ../../lib/libcircle.a(gpiomanager.o)
 .debug_abbrev  0x0000000000007749      0x1f3 ../../lib/libcircle.a(ptrlist.o)
 .debug_abbrev  0x000000000000793c      0x282 ../../lib/libcircle.a(pageallocator.o)
 .debug_abbrev  0x0000000000007bbe      0x40f ../../lib/libcircle.a(bcmmailbox.o)
 .debug_abbrev  0x0000000000007fcd       0x14 /usr/lib/gcc/arm-none-eabi/10.3.1/thumb/v7ve+simd/hard/libgcc.a(_aeabi_ldivmod.o)
 .debug_abbrev  0x0000000000007fe1       0x14 /usr/lib/gcc/arm-none-eabi/10.3.1/thumb/v7ve+simd/hard/libgcc.a(_aeabi_uldivmod.o)
 .debug_abbrev  0x0000000000007ff5      0x16c /usr/lib/gcc/arm-none-eabi/10.3.1/thumb/v7ve+simd/hard/libgcc.a(_udivmoddi4.o)
 .debug_abbrev  0x0000000000008161       0x14 /usr/lib/gcc/arm-none-eabi/10.3.1/thumb/v7ve+simd/hard/libgcc.a(_dvmd_tls.o)

.debug_loc      0x0000000000000000    0x15885
 .debug_loc     0x0000000000000000       0x22 main.o
 .debug_loc     0x0000000000000022      0x555 kernel.o
 .debug_loc     0x0000000000000577      0x2d7 ../../lib/libcircle.a(actled.o)
 .debug_loc     0x000000000000084e      0x97d ../../lib/libcircle.a(devicenameservice.o)
 .debug_loc     0x00000000000011cb     0x1cba ../../lib/libcircle.a(gpiopin.o)
 .debug_loc     0x0000000000002e85      0x71b ../../lib/libcircle.a(koptions.o)
 .debug_loc     0x00000000000035a0      0xb8c ../../lib/libcircle.a(logger.o)
 .debug_loc     0x000000000000412c      0x670 ../../lib/libcircle.a(machineinfo.o)
 .debug_loc     0x000000000000479c     0x1e00 ../../lib/libcircle.a(screen.o)
 .debug_loc     0x000000000000659c     0x19c6 ../../lib/libcircle.a(serial.o)
 .debug_loc     0x0000000000007f62     0x38aa ../../lib/libcircle.a(string.o)
 .debug_loc     0x000000000000b80c       0xe1 ../../lib/libcircle.a(sysinit.o)
 .debug_loc     0x000000000000b8ed     0x16ce ../../lib/libcircle.a(timer.o)
 .debug_loc     0x000000000000cfbb     0x1681 ../../lib/libcircle.a(util.o)
 .debug_loc     0x000000000000e63c      0x3ee ../../lib/libcircle.a(virtualgpiopin.o)
 .debug_loc     0x000000000000ea2a      0x194 ../../lib/libcircle.a(chainboot.o)
 .debug_loc     0x000000000000ebbe      0x2ca ../../lib/libcircle.a(new.o)
 .debug_loc     0x000000000000ee88      0x657 ../../lib/libcircle.a(heapallocator.o)
 .debug_loc     0x000000000000f4df      0x33a ../../lib/libcircle.a(exceptionhandler.o)
 .debug_loc     0x000000000000f819      0x343 ../../lib/libcircle.a(memory.o)
 .debug_loc     0x000000000000fb5c       0xf4 ../../lib/libcircle.a(pagetable.o)
 .debug_loc     0x000000000000fc50       0xf3 ../../lib/libcircle.a(synchronize.o)
 .debug_loc     0x000000000000fd43      0xf9d ../../lib/libcircle.a(interrupt.o)
 .debug_loc     0x0000000000010ce0       0x8b ../../lib/libcircle.a(assert.o)
 .debug_loc     0x0000000000010d6b      0x65f ../../lib/libcircle.a(bcmframebuffer.o)
 .debug_loc     0x00000000000113ca      0x3cf ../../lib/libcircle.a(bcmpropertytags.o)
 .debug_loc     0x0000000000011799      0x1c6 ../../lib/libcircle.a(chargenerator.o)
 .debug_loc     0x000000000001195f      0x19b ../../lib/libcircle.a(debug.o)
 .debug_loc     0x0000000000011afa      0x41f ../../lib/libcircle.a(device.o)
 .debug_loc     0x0000000000011f19     0x1808 ../../lib/libcircle.a(dmachannel.o)
 .debug_loc     0x0000000000013721      0x55b ../../lib/libcircle.a(gpiomanager.o)
 .debug_loc     0x0000000000013c7c      0x4da ../../lib/libcircle.a(ptrlist.o)
 .debug_loc     0x0000000000014156      0x2bd ../../lib/libcircle.a(pageallocator.o)
 .debug_loc     0x0000000000014413      0x446 ../../lib/libcircle.a(bcmmailbox.o)
 .debug_loc     0x0000000000014859     0x102c /usr/lib/gcc/arm-none-eabi/10.3.1/thumb/v7ve+simd/hard/libgcc.a(_udivmoddi4.o)

.debug_aranges  0x0000000000000000      0x4d8
 .debug_aranges
                0x0000000000000000       0x20 main.o
 .debug_aranges
                0x0000000000000020       0x20 kernel.o
 .debug_aranges
                0x0000000000000040       0x20 ../../lib/libcircle.a(actled.o)
 .debug_aranges
                0x0000000000000060       0x20 ../../lib/libcircle.a(devicenameservice.o)
 .debug_aranges
                0x0000000000000080       0x28 ../../lib/libcircle.a(gpiopin.o)
 .debug_aranges
                0x00000000000000a8       0x20 ../../lib/libcircle.a(koptions.o)
 .debug_aranges
                0x00000000000000c8       0x20 ../../lib/libcircle.a(logger.o)
 .debug_aranges
                0x00000000000000e8       0x20 ../../lib/libcircle.a(machineinfo.o)
 .debug_aranges
                0x0000000000000108       0x20 ../../lib/libcircle.a(screen.o)
 .debug_aranges
                0x0000000000000128       0x20 ../../lib/libcircle.a(serial.o)
 .debug_aranges
                0x0000000000000148       0x20 ../../lib/libcircle.a(string.o)
 .debug_aranges
                0x0000000000000168       0x20 ../../lib/libcircle.a(sysinit.o)
 .debug_aranges
                0x0000000000000188       0x20 ../../lib/libcircle.a(timer.o)
 .debug_aranges
                0x00000000000001a8       0x20 ../../lib/libcircle.a(util.o)
 .debug_aranges
                0x00000000000001c8       0x28 ../../lib/libcircle.a(virtualgpiopin.o)
 .debug_aranges
                0x00000000000001f0       0x20 ../../lib/libcircle.a(chainboot.o)
 .debug_aranges
                0x0000000000000210       0x20 ../../lib/libcircle.a(new.o)
 .debug_aranges
                0x0000000000000230       0x20 ../../lib/libcircle.a(heapallocator.o)
 .debug_aranges
                0x0000000000000250       0x20 ../../lib/libcircle.a(exceptionhandler.o)
 .debug_aranges
                0x0000000000000270       0x20 ../../lib/libcircle.a(memory.o)
 .debug_aranges
                0x0000000000000290       0x20 ../../lib/libcircle.a(pagetable.o)
 .debug_aranges
                0x00000000000002b0       0x20 ../../lib/libcircle.a(synchronize.o)
 .debug_aranges
                0x00000000000002d0       0x20 ../../lib/libcircle.a(interrupt.o)
 .debug_aranges
                0x00000000000002f0       0x20 ../../lib/libcircle.a(assert.o)
 .debug_aranges
                0x0000000000000310       0x20 ../../lib/libcircle.a(bcmframebuffer.o)
 .debug_aranges
                0x0000000000000330       0x20 ../../lib/libcircle.a(bcmpropertytags.o)
 .debug_aranges
                0x0000000000000350       0x20 ../../lib/libcircle.a(chargenerator.o)
 .debug_aranges
                0x0000000000000370       0x20 ../../lib/libcircle.a(debug.o)
 .debug_aranges
                0x0000000000000390       0x20 ../../lib/libcircle.a(device.o)
 .debug_aranges
                0x00000000000003b0       0x20 ../../lib/libcircle.a(dmachannel.o)
 .debug_aranges
                0x00000000000003d0       0x20 ../../lib/libcircle.a(gpiomanager.o)
 .debug_aranges
                0x00000000000003f0       0x20 ../../lib/libcircle.a(ptrlist.o)
 .debug_aranges
                0x0000000000000410       0x20 ../../lib/libcircle.a(pageallocator.o)
 .debug_aranges
                0x0000000000000430       0x28 ../../lib/libcircle.a(bcmmailbox.o)
 .debug_aranges
                0x0000000000000458       0x20 /usr/lib/gcc/arm-none-eabi/10.3.1/thumb/v7ve+simd/hard/libgcc.a(_aeabi_ldivmod.o)
 .debug_aranges
                0x0000000000000478       0x20 /usr/lib/gcc/arm-none-eabi/10.3.1/thumb/v7ve+simd/hard/libgcc.a(_aeabi_uldivmod.o)
 .debug_aranges
                0x0000000000000498       0x20 /usr/lib/gcc/arm-none-eabi/10.3.1/thumb/v7ve+simd/hard/libgcc.a(_udivmoddi4.o)
 .debug_aranges
                0x00000000000004b8       0x20 /usr/lib/gcc/arm-none-eabi/10.3.1/thumb/v7ve+simd/hard/libgcc.a(_dvmd_tls.o)

.debug_ranges   0x0000000000000000     0x2aa0
 .debug_ranges  0x0000000000000000       0x10 main.o
 .debug_ranges  0x0000000000000010       0xb0 kernel.o
 .debug_ranges  0x00000000000000c0       0x98 ../../lib/libcircle.a(actled.o)
 .debug_ranges  0x0000000000000158      0x148 ../../lib/libcircle.a(devicenameservice.o)
 .debug_ranges  0x00000000000002a0      0x368 ../../lib/libcircle.a(gpiopin.o)
 .debug_ranges  0x0000000000000608      0x210 ../../lib/libcircle.a(koptions.o)
 .debug_ranges  0x0000000000000818      0x1c0 ../../lib/libcircle.a(logger.o)
 .debug_ranges  0x00000000000009d8       0x18 ../../lib/libcircle.a(machineinfo.o)
 .debug_ranges  0x00000000000009f0      0x680 ../../lib/libcircle.a(screen.o)
 .debug_ranges  0x0000000000001070      0x428 ../../lib/libcircle.a(serial.o)
 .debug_ranges  0x0000000000001498      0x430 ../../lib/libcircle.a(string.o)
 .debug_ranges  0x00000000000018c8       0x68 ../../lib/libcircle.a(sysinit.o)
 .debug_ranges  0x0000000000001930      0x448 ../../lib/libcircle.a(timer.o)
 .debug_ranges  0x0000000000001d78      0x130 ../../lib/libcircle.a(util.o)
 .debug_ranges  0x0000000000001ea8       0xd8 ../../lib/libcircle.a(virtualgpiopin.o)
 .debug_ranges  0x0000000000001f80       0x88 ../../lib/libcircle.a(new.o)
 .debug_ranges  0x0000000000002008      0x150 ../../lib/libcircle.a(heapallocator.o)
 .debug_ranges  0x0000000000002158       0x68 ../../lib/libcircle.a(exceptionhandler.o)
 .debug_ranges  0x00000000000021c0       0x40 ../../lib/libcircle.a(memory.o)
 .debug_ranges  0x0000000000002200       0x40 ../../lib/libcircle.a(pagetable.o)
 .debug_ranges  0x0000000000002240      0x270 ../../lib/libcircle.a(interrupt.o)
 .debug_ranges  0x00000000000024b0       0x60 ../../lib/libcircle.a(bcmframebuffer.o)
 .debug_ranges  0x0000000000002510       0x58 ../../lib/libcircle.a(debug.o)
 .debug_ranges  0x0000000000002568       0x18 ../../lib/libcircle.a(device.o)
 .debug_ranges  0x0000000000002580      0x1f0 ../../lib/libcircle.a(dmachannel.o)
 .debug_ranges  0x0000000000002770       0x78 ../../lib/libcircle.a(gpiomanager.o)
 .debug_ranges  0x00000000000027e8       0x30 ../../lib/libcircle.a(ptrlist.o)
 .debug_ranges  0x0000000000002818       0x90 ../../lib/libcircle.a(pageallocator.o)
 .debug_ranges  0x00000000000028a8      0x138 ../../lib/libcircle.a(bcmmailbox.o)
 .debug_ranges  0x00000000000029e0       0xc0 /usr/lib/gcc/arm-none-eabi/10.3.1/thumb/v7ve+simd/hard/libgcc.a(_udivmoddi4.o)

.debug_line     0x0000000000000000     0xd752
 .debug_line    0x0000000000000000      0x18c main.o
 .debug_line    0x000000000000018c      0x3b4 kernel.o
 .debug_line    0x0000000000000540      0x29e ../../lib/libcircle.a(actled.o)
 .debug_line    0x00000000000007de      0x5c4 ../../lib/libcircle.a(devicenameservice.o)
 .debug_line    0x0000000000000da2      0xe88 ../../lib/libcircle.a(gpiopin.o)
 .debug_line    0x0000000000001c2a      0x628 ../../lib/libcircle.a(koptions.o)
 .debug_line    0x0000000000002252      0x9c6 ../../lib/libcircle.a(logger.o)
 .debug_line    0x0000000000002c18      0x593 ../../lib/libcircle.a(machineinfo.o)
 .debug_line    0x00000000000031ab     0x1717 ../../lib/libcircle.a(screen.o)
 .debug_line    0x00000000000048c2     0x1206 ../../lib/libcircle.a(serial.o)
 .debug_line    0x0000000000005ac8     0x184c ../../lib/libcircle.a(string.o)
 .debug_line    0x0000000000007314      0x2a6 ../../lib/libcircle.a(sysinit.o)
 .debug_line    0x00000000000075ba      0xefe ../../lib/libcircle.a(timer.o)
 .debug_line    0x00000000000084b8      0x9ea ../../lib/libcircle.a(util.o)
 .debug_line    0x0000000000008ea2      0x3a3 ../../lib/libcircle.a(virtualgpiopin.o)
 .debug_line    0x0000000000009245       0xfe ../../lib/libcircle.a(chainboot.o)
 .debug_line    0x0000000000009343      0x1a5 ../../lib/libcircle.a(new.o)
 .debug_line    0x00000000000094e8      0x534 ../../lib/libcircle.a(heapallocator.o)
 .debug_line    0x0000000000009a1c      0x2dc ../../lib/libcircle.a(exceptionhandler.o)
 .debug_line    0x0000000000009cf8      0x32a ../../lib/libcircle.a(memory.o)
 .debug_line    0x000000000000a022      0x148 ../../lib/libcircle.a(pagetable.o)
 .debug_line    0x000000000000a16a      0x138 ../../lib/libcircle.a(synchronize.o)
 .debug_line    0x000000000000a2a2      0x8f1 ../../lib/libcircle.a(interrupt.o)
 .debug_line    0x000000000000ab93      0x134 ../../lib/libcircle.a(assert.o)
 .debug_line    0x000000000000acc7      0x42d ../../lib/libcircle.a(bcmframebuffer.o)
 .debug_line    0x000000000000b0f4      0x255 ../../lib/libcircle.a(bcmpropertytags.o)
 .debug_line    0x000000000000b349      0x118 ../../lib/libcircle.a(chargenerator.o)
 .debug_line    0x000000000000b461      0x1ad ../../lib/libcircle.a(debug.o)
 .debug_line    0x000000000000b60e      0x1ef ../../lib/libcircle.a(device.o)
 .debug_line    0x000000000000b7fd      0xb3b ../../lib/libcircle.a(dmachannel.o)
 .debug_line    0x000000000000c338      0x371 ../../lib/libcircle.a(gpiomanager.o)
 .debug_line    0x000000000000c6a9      0x348 ../../lib/libcircle.a(ptrlist.o)
 .debug_line    0x000000000000c9f1      0x29a ../../lib/libcircle.a(pageallocator.o)
 .debug_line    0x000000000000cc8b      0x3c5 ../../lib/libcircle.a(bcmmailbox.o)
 .debug_line    0x000000000000d050       0x7e /usr/lib/gcc/arm-none-eabi/10.3.1/thumb/v7ve+simd/hard/libgcc.a(_aeabi_ldivmod.o)
 .debug_line    0x000000000000d0ce       0x60 /usr/lib/gcc/arm-none-eabi/10.3.1/thumb/v7ve+simd/hard/libgcc.a(_aeabi_uldivmod.o)
 .debug_line    0x000000000000d12e      0x5c4 /usr/lib/gcc/arm-none-eabi/10.3.1/thumb/v7ve+simd/hard/libgcc.a(_udivmoddi4.o)
 .debug_line    0x000000000000d6f2       0x60 /usr/lib/gcc/arm-none-eabi/10.3.1/thumb/v7ve+simd/hard/libgcc.a(_dvmd_tls.o)

.debug_str      0x0000000000000000     0x69a4
 .debug_str     0x0000000000000000     0x196b main.o
                                       0x1aca (size before relaxing)
 .debug_str     0x000000000000196b      0x183 kernel.o
                                       0x1c35 (size before relaxing)
 .debug_str     0x0000000000001aee      0x7d3 ../../lib/libcircle.a(actled.o)
                                       0x1422 (size before relaxing)
 .debug_str     0x00000000000022c1      0x18a ../../lib/libcircle.a(devicenameservice.o)
                                        0x5ee (size before relaxing)
 .debug_str     0x000000000000244b      0x8a8 ../../lib/libcircle.a(gpiopin.o)
                                       0x1c7e (size before relaxing)
 .debug_str     0x0000000000002cf3      0x1ff ../../lib/libcircle.a(koptions.o)
                                        0x9ff (size before relaxing)
 .debug_str     0x0000000000002ef2      0x180 ../../lib/libcircle.a(logger.o)
                                       0x1977 (size before relaxing)
 .debug_str     0x0000000000003072      0x186 ../../lib/libcircle.a(machineinfo.o)
                                        0xc06 (size before relaxing)
 .debug_str     0x00000000000031f8     0x133f ../../lib/libcircle.a(screen.o)
                                       0x1d5c (size before relaxing)
 .debug_str     0x0000000000004537      0x540 ../../lib/libcircle.a(serial.o)
                                       0x1625 (size before relaxing)
 .debug_str     0x0000000000004a77      0x372 ../../lib/libcircle.a(string.o)
                                        0x6f2 (size before relaxing)
 .debug_str     0x0000000000004de9      0x60d ../../lib/libcircle.a(sysinit.o)
                                        0xfbf (size before relaxing)
 .debug_str     0x00000000000053f6      0x1d0 ../../lib/libcircle.a(timer.o)
                                       0x133b (size before relaxing)
 .debug_str     0x00000000000055c6      0x112 ../../lib/libcircle.a(util.o)
                                        0x310 (size before relaxing)
 .debug_str     0x00000000000056d8      0x1a8 ../../lib/libcircle.a(virtualgpiopin.o)
                                        0xcbc (size before relaxing)
 .debug_str     0x0000000000005880       0x6a ../../lib/libcircle.a(chainboot.o)
                                        0x235 (size before relaxing)
 .debug_str     0x00000000000058ea       0x41 ../../lib/libcircle.a(new.o)
                                        0x85b (size before relaxing)
 .debug_str     0x000000000000592b       0x8e ../../lib/libcircle.a(heapallocator.o)
                                       0x12fa (size before relaxing)
 .debug_str     0x00000000000059b9      0x15b ../../lib/libcircle.a(exceptionhandler.o)
                                       0x12b1 (size before relaxing)
 .debug_str     0x0000000000005b14       0xca ../../lib/libcircle.a(memory.o)
                                        0xaa9 (size before relaxing)
 .debug_str     0x0000000000005bde       0x50 ../../lib/libcircle.a(pagetable.o)
                                        0x262 (size before relaxing)
 .debug_str     0x0000000000005c2e       0x3f ../../lib/libcircle.a(synchronize.o)
                                        0x20e (size before relaxing)
 .debug_str     0x0000000000005c6d       0x96 ../../lib/libcircle.a(interrupt.o)
                                        0x5c0 (size before relaxing)
 .debug_str     0x0000000000005d03       0x28 ../../lib/libcircle.a(assert.o)
                                       0x10ca (size before relaxing)
 .debug_str     0x0000000000005d2b       0xab ../../lib/libcircle.a(bcmframebuffer.o)
                                        0xa79 (size before relaxing)
 .debug_str     0x0000000000005dd6       0xac ../../lib/libcircle.a(bcmpropertytags.o)
                                        0xa7b (size before relaxing)
 .debug_str     0x0000000000005e82       0x6d ../../lib/libcircle.a(chargenerator.o)
                                        0x337 (size before relaxing)
 .debug_str     0x0000000000005eef       0x5b ../../lib/libcircle.a(debug.o)
                                       0x10ac (size before relaxing)
 .debug_str     0x0000000000005f4a      0x1f9 ../../lib/libcircle.a(device.o)
                                        0x5a6 (size before relaxing)
 .debug_str     0x0000000000006143       0xdd ../../lib/libcircle.a(dmachannel.o)
                                       0x1845 (size before relaxing)
 .debug_str     0x0000000000006220       0x5b ../../lib/libcircle.a(gpiomanager.o)
                                        0x6ec (size before relaxing)
 .debug_str     0x000000000000627b       0x42 ../../lib/libcircle.a(ptrlist.o)
                                        0x339 (size before relaxing)
 .debug_str     0x00000000000062bd       0x52 ../../lib/libcircle.a(pageallocator.o)
                                        0x3d1 (size before relaxing)
 .debug_str     0x000000000000630f       0x6d ../../lib/libcircle.a(bcmmailbox.o)
                                        0xe83 (size before relaxing)
 .debug_str     0x000000000000637c       0xa7 /usr/lib/gcc/arm-none-eabi/10.3.1/thumb/v7ve+simd/hard/libgcc.a(_aeabi_ldivmod.o)
 .debug_str     0x0000000000006423       0xa7 /usr/lib/gcc/arm-none-eabi/10.3.1/thumb/v7ve+simd/hard/libgcc.a(_aeabi_uldivmod.o)
 .debug_str     0x0000000000006423      0x551 /usr/lib/gcc/arm-none-eabi/10.3.1/thumb/v7ve+simd/hard/libgcc.a(_udivmoddi4.o)
                                        0x649 (size before relaxing)
 .debug_str     0x0000000000006974       0x30 /usr/lib/gcc/arm-none-eabi/10.3.1/thumb/v7ve+simd/hard/libgcc.a(_dvmd_tls.o)
                                         0xab (size before relaxing)

.comment        0x0000000000000000       0x33
 .comment       0x0000000000000000       0x33 main.o
                                         0x34 (size before relaxing)
 .comment       0x0000000000000033       0x34 kernel.o
 .comment       0x0000000000000033       0x34 ../../lib/libcircle.a(actled.o)
 .comment       0x0000000000000033       0x34 ../../lib/libcircle.a(devicenameservice.o)
 .comment       0x0000000000000033       0x34 ../../lib/libcircle.a(gpiopin.o)
 .comment       0x0000000000000033       0x34 ../../lib/libcircle.a(koptions.o)
 .comment       0x0000000000000033       0x34 ../../lib/libcircle.a(logger.o)
 .comment       0x0000000000000033       0x34 ../../lib/libcircle.a(machineinfo.o)
 .comment       0x0000000000000033       0x34 ../../lib/libcircle.a(screen.o)
 .comment       0x0000000000000033       0x34 ../../lib/libcircle.a(serial.o)
 .comment       0x0000000000000033       0x34 ../../lib/libcircle.a(string.o)
 .comment       0x0000000000000033       0x34 ../../lib/libcircle.a(sysinit.o)
 .comment       0x0000000000000033       0x34 ../../lib/libcircle.a(timer.o)
 .comment       0x0000000000000033       0x34 ../../lib/libcircle.a(util.o)
 .comment       0x0000000000000033       0x34 ../../lib/libcircle.a(virtualgpiopin.o)
 .comment       0x0000000000000033       0x34 ../../lib/libcircle.a(chainboot.o)
 .comment       0x0000000000000033       0x34 ../../lib/libcircle.a(new.o)
 .comment       0x0000000000000033       0x34 ../../lib/libcircle.a(heapallocator.o)
 .comment       0x0000000000000033       0x34 ../../lib/libcircle.a(exceptionhandler.o)
 .comment       0x0000000000000033       0x34 ../../lib/libcircle.a(memory.o)
 .comment       0x0000000000000033       0x34 ../../lib/libcircle.a(pagetable.o)
 .comment       0x0000000000000033       0x34 ../../lib/libcircle.a(synchronize.o)
 .comment       0x0000000000000033       0x34 ../../lib/libcircle.a(interrupt.o)
 .comment       0x0000000000000033       0x34 ../../lib/libcircle.a(assert.o)
 .comment       0x0000000000000033       0x34 ../../lib/libcircle.a(bcmframebuffer.o)
 .comment       0x0000000000000033       0x34 ../../lib/libcircle.a(bcmpropertytags.o)
 .comment       0x0000000000000033       0x34 ../../lib/libcircle.a(chargenerator.o)
 .comment       0x0000000000000033       0x34 ../../lib/libcircle.a(debug.o)
 .comment       0x0000000000000033       0x34 ../../lib/libcircle.a(device.o)
 .comment       0x0000000000000033       0x34 ../../lib/libcircle.a(dmachannel.o)
 .comment       0x0000000000000033       0x34 ../../lib/libcircle.a(gpiomanager.o)
 .comment       0x0000000000000033       0x34 ../../lib/libcircle.a(ptrlist.o)
 .comment       0x0000000000000033       0x34 ../../lib/libcircle.a(pageallocator.o)
 .comment       0x0000000000000033       0x34 ../../lib/libcircle.a(bcmmailbox.o)
 .comment       0x0000000000000033       0x34 /usr/lib/gcc/arm-none-eabi/10.3.1/thumb/v7ve+simd/hard/libgcc.a(_udivmoddi4.o)

.ARM.attributes
                0x0000000000000000       0x39
 .ARM.attributes
                0x0000000000000000       0x33 main.o
 .ARM.attributes
                0x0000000000000033       0x33 kernel.o
 .ARM.attributes
                0x0000000000000066       0x3b ../../lib/libcircle.a(actled.o)
 .ARM.attributes
                0x00000000000000a1       0x3b ../../lib/libcircle.a(devicenameservice.o)
 .ARM.attributes
                0x00000000000000dc       0x3b ../../lib/libcircle.a(gpiopin.o)
 .ARM.attributes
                0x0000000000000117       0x3b ../../lib/libcircle.a(koptions.o)
 .ARM.attributes
                0x0000000000000152       0x3b ../../lib/libcircle.a(logger.o)
 .ARM.attributes
                0x000000000000018d       0x3b ../../lib/libcircle.a(machineinfo.o)
 .ARM.attributes
                0x00000000000001c8       0x3b ../../lib/libcircle.a(screen.o)
 .ARM.attributes
                0x0000000000000203       0x3b ../../lib/libcircle.a(serial.o)
 .ARM.attributes
                0x000000000000023e       0x3b ../../lib/libcircle.a(string.o)
 .ARM.attributes
                0x0000000000000279       0x3b ../../lib/libcircle.a(sysinit.o)
 .ARM.attributes
                0x00000000000002b4       0x3b ../../lib/libcircle.a(timer.o)
 .ARM.attributes
                0x00000000000002ef       0x3b ../../lib/libcircle.a(util.o)
 .ARM.attributes
                0x000000000000032a       0x27 ../../lib/libcircle.a(util_fast.o)
 .ARM.attributes
                0x0000000000000351       0x3b ../../lib/libcircle.a(virtualgpiopin.o)
 .ARM.attributes
                0x000000000000038c       0x3b ../../lib/libcircle.a(chainboot.o)
 .ARM.attributes
                0x00000000000003c7       0x3b ../../lib/libcircle.a(new.o)
 .ARM.attributes
                0x0000000000000402       0x3b ../../lib/libcircle.a(heapallocator.o)
 .ARM.attributes
                0x000000000000043d       0x27 ../../lib/libcircle.a(cache-v7.o)
 .ARM.attributes
                0x0000000000000464       0x3b ../../lib/libcircle.a(exceptionhandler.o)
 .ARM.attributes
                0x000000000000049f       0x27 ../../lib/libcircle.a(exceptionstub.o)
 .ARM.attributes
                0x00000000000004c6       0x3b ../../lib/libcircle.a(memory.o)
 .ARM.attributes
                0x0000000000000501       0x3b ../../lib/libcircle.a(pagetable.o)
 .ARM.attributes
                0x000000000000053c       0x27 ../../lib/libcircle.a(startup.o)
 .ARM.attributes
                0x0000000000000563       0x3b ../../lib/libcircle.a(synchronize.o)
 .ARM.attributes
                0x000000000000059e       0x3b ../../lib/libcircle.a(interrupt.o)
 .ARM.attributes
                0x00000000000005d9       0x3b ../../lib/libcircle.a(assert.o)
 .ARM.attributes
                0x0000000000000614       0x3b ../../lib/libcircle.a(bcmframebuffer.o)
 .ARM.attributes
                0x000000000000064f       0x3b ../../lib/libcircle.a(bcmpropertytags.o)
 .ARM.attributes
                0x000000000000068a       0x3b ../../lib/libcircle.a(chargenerator.o)
 .ARM.attributes
                0x00000000000006c5       0x3b ../../lib/libcircle.a(debug.o)
 .ARM.attributes
                0x0000000000000700       0x27 ../../lib/libcircle.a(delayloop.o)
 .ARM.attributes
                0x0000000000000727       0x3b ../../lib/libcircle.a(device.o)
 .ARM.attributes
                0x0000000000000762       0x3b ../../lib/libcircle.a(dmachannel.o)
 .ARM.attributes
                0x000000000000079d       0x3b ../../lib/libcircle.a(gpiomanager.o)
 .ARM.attributes
                0x00000000000007d8       0x3b ../../lib/libcircle.a(ptrlist.o)
 .ARM.attributes
                0x0000000000000813       0x3b ../../lib/libcircle.a(pageallocator.o)
 .ARM.attributes
                0x000000000000084e       0x3b ../../lib/libcircle.a(bcmmailbox.o)
 .ARM.attributes
                0x0000000000000889       0x25 /usr/lib/gcc/arm-none-eabi/10.3.1/thumb/v7ve+simd/hard/libgcc.a(_aeabi_ldivmod.o)
 .ARM.attributes
                0x00000000000008ae       0x25 /usr/lib/gcc/arm-none-eabi/10.3.1/thumb/v7ve+simd/hard/libgcc.a(_aeabi_uldivmod.o)
 .ARM.attributes
                0x00000000000008d3       0x3b /usr/lib/gcc/arm-none-eabi/10.3.1/thumb/v7ve+simd/hard/libgcc.a(_udivmoddi4.o)
 .ARM.attributes
                0x000000000000090e       0x25 /usr/lib/gcc/arm-none-eabi/10.3.1/thumb/v7ve+simd/hard/libgcc.a(_dvmd_tls.o)

.debug_frame    0x0000000000000000     0x2968
 .debug_frame   0x0000000000000000       0x30 main.o
 .debug_frame   0x0000000000000030       0xd0 kernel.o
 .debug_frame   0x0000000000000100       0x90 ../../lib/libcircle.a(actled.o)
 .debug_frame   0x0000000000000190      0x190 ../../lib/libcircle.a(devicenameservice.o)
 .debug_frame   0x0000000000000320      0x2fc ../../lib/libcircle.a(gpiopin.o)
 .debug_frame   0x000000000000061c      0x1b8 ../../lib/libcircle.a(koptions.o)
 .debug_frame   0x00000000000007d4      0x1c0 ../../lib/libcircle.a(logger.o)
 .debug_frame   0x0000000000000994      0x194 ../../lib/libcircle.a(machineinfo.o)
 .debug_frame   0x0000000000000b28      0x498 ../../lib/libcircle.a(screen.o)
 .debug_frame   0x0000000000000fc0      0x22c ../../lib/libcircle.a(serial.o)
 .debug_frame   0x00000000000011ec      0x2ec ../../lib/libcircle.a(string.o)
 .debug_frame   0x00000000000014d8       0x7c ../../lib/libcircle.a(sysinit.o)
 .debug_frame   0x0000000000001554      0x2d8 ../../lib/libcircle.a(timer.o)
 .debug_frame   0x000000000000182c      0x17c ../../lib/libcircle.a(util.o)
 .debug_frame   0x00000000000019a8       0xb8 ../../lib/libcircle.a(virtualgpiopin.o)
 .debug_frame   0x0000000000001a60       0x58 ../../lib/libcircle.a(chainboot.o)
 .debug_frame   0x0000000000001ab8       0xb0 ../../lib/libcircle.a(new.o)
 .debug_frame   0x0000000000001b68       0xd8 ../../lib/libcircle.a(heapallocator.o)
 .debug_frame   0x0000000000001c40       0xe4 ../../lib/libcircle.a(exceptionhandler.o)
 .debug_frame   0x0000000000001d24       0xcc ../../lib/libcircle.a(memory.o)
 .debug_frame   0x0000000000001df0       0x4c ../../lib/libcircle.a(pagetable.o)
 .debug_frame   0x0000000000001e3c       0x68 ../../lib/libcircle.a(synchronize.o)
 .debug_frame   0x0000000000001ea4      0x18c ../../lib/libcircle.a(interrupt.o)
 .debug_frame   0x0000000000002030       0x2c ../../lib/libcircle.a(assert.o)
 .debug_frame   0x000000000000205c      0x1cc ../../lib/libcircle.a(bcmframebuffer.o)
 .debug_frame   0x0000000000002228       0x7c ../../lib/libcircle.a(bcmpropertytags.o)
 .debug_frame   0x00000000000022a4       0x78 ../../lib/libcircle.a(chargenerator.o)
 .debug_frame   0x000000000000231c       0x64 ../../lib/libcircle.a(debug.o)
 .debug_frame   0x0000000000002380       0xe8 ../../lib/libcircle.a(device.o)
 .debug_frame   0x0000000000002468      0x170 ../../lib/libcircle.a(dmachannel.o)
 .debug_frame   0x00000000000025d8       0xb4 ../../lib/libcircle.a(gpiomanager.o)
 .debug_frame   0x000000000000268c       0xe8 ../../lib/libcircle.a(ptrlist.o)
 .debug_frame   0x0000000000002774       0xa0 ../../lib/libcircle.a(pageallocator.o)
 .debug_frame   0x0000000000002814       0xac ../../lib/libcircle.a(bcmmailbox.o)
 .debug_frame   0x00000000000028c0       0x44 /usr/lib/gcc/arm-none-eabi/10.3.1/thumb/v7ve+simd/hard/libgcc.a(_aeabi_ldivmod.o)
 .debug_frame   0x0000000000002904       0x2c /usr/lib/gcc/arm-none-eabi/10.3.1/thumb/v7ve+simd/hard/libgcc.a(_aeabi_uldivmod.o)
 .debug_frame   0x0000000000002930       0x38 /usr/lib/gcc/arm-none-eabi/10.3.1/thumb/v7ve+simd/hard/libgcc.a(_udivmoddi4.o)